Archive member included to satisfy reference by file (symbol)

g:/st/stm32cubeide_1.5.0/stm32cubeide/plugins/com.st.stm32cube.ide.mcu.externaltools.gnu-tools-for-stm32.7-2018-q2-update.win32_1.5.0.202011040924/tools/bin/../lib/gcc/arm-none-eabi/7.3.1/../../../../arm-none-eabi/lib/thumb/v7-m\libc_nano.a(lib_a-errno.o)
                              Core/Src/syscalls.o (__errno)
g:/st/stm32cubeide_1.5.0/stm32cubeide/plugins/com.st.stm32cube.ide.mcu.externaltools.gnu-tools-for-stm32.7-2018-q2-update.win32_1.5.0.202011040924/tools/bin/../lib/gcc/arm-none-eabi/7.3.1/../../../../arm-none-eabi/lib/thumb/v7-m\libc_nano.a(lib_a-exit.o)
                              g:/st/stm32cubeide_1.5.0/stm32cubeide/plugins/com.st.stm32cube.ide.mcu.externaltools.gnu-tools-for-stm32.7-2018-q2-update.win32_1.5.0.202011040924/tools/bin/../lib/gcc/arm-none-eabi/7.3.1/../../../../arm-none-eabi/lib/thumb/v7-m/crt0.o (exit)
g:/st/stm32cubeide_1.5.0/stm32cubeide/plugins/com.st.stm32cube.ide.mcu.externaltools.gnu-tools-for-stm32.7-2018-q2-update.win32_1.5.0.202011040924/tools/bin/../lib/gcc/arm-none-eabi/7.3.1/../../../../arm-none-eabi/lib/thumb/v7-m\libc_nano.a(lib_a-impure.o)
                              g:/st/stm32cubeide_1.5.0/stm32cubeide/plugins/com.st.stm32cube.ide.mcu.externaltools.gnu-tools-for-stm32.7-2018-q2-update.win32_1.5.0.202011040924/tools/bin/../lib/gcc/arm-none-eabi/7.3.1/../../../../arm-none-eabi/lib/thumb/v7-m\libc_nano.a(lib_a-exit.o) (_global_impure_ptr)
g:/st/stm32cubeide_1.5.0/stm32cubeide/plugins/com.st.stm32cube.ide.mcu.externaltools.gnu-tools-for-stm32.7-2018-q2-update.win32_1.5.0.202011040924/tools/bin/../lib/gcc/arm-none-eabi/7.3.1/../../../../arm-none-eabi/lib/thumb/v7-m\libc_nano.a(lib_a-init.o)
                              g:/st/stm32cubeide_1.5.0/stm32cubeide/plugins/com.st.stm32cube.ide.mcu.externaltools.gnu-tools-for-stm32.7-2018-q2-update.win32_1.5.0.202011040924/tools/bin/../lib/gcc/arm-none-eabi/7.3.1/../../../../arm-none-eabi/lib/thumb/v7-m/crt0.o (__libc_init_array)
g:/st/stm32cubeide_1.5.0/stm32cubeide/plugins/com.st.stm32cube.ide.mcu.externaltools.gnu-tools-for-stm32.7-2018-q2-update.win32_1.5.0.202011040924/tools/bin/../lib/gcc/arm-none-eabi/7.3.1/../../../../arm-none-eabi/lib/thumb/v7-m\libc_nano.a(lib_a-memset.o)
                              g:/st/stm32cubeide_1.5.0/stm32cubeide/plugins/com.st.stm32cube.ide.mcu.externaltools.gnu-tools-for-stm32.7-2018-q2-update.win32_1.5.0.202011040924/tools/bin/../lib/gcc/arm-none-eabi/7.3.1/../../../../arm-none-eabi/lib/thumb/v7-m/crt0.o (memset)

Discarded input sections

 .text          0x0000000000000000        0x0 g:/st/stm32cubeide_1.5.0/stm32cubeide/plugins/com.st.stm32cube.ide.mcu.externaltools.gnu-tools-for-stm32.7-2018-q2-update.win32_1.5.0.202011040924/tools/bin/../lib/gcc/arm-none-eabi/7.3.1/thumb/v7-m/crti.o
 .data          0x0000000000000000        0x0 g:/st/stm32cubeide_1.5.0/stm32cubeide/plugins/com.st.stm32cube.ide.mcu.externaltools.gnu-tools-for-stm32.7-2018-q2-update.win32_1.5.0.202011040924/tools/bin/../lib/gcc/arm-none-eabi/7.3.1/thumb/v7-m/crti.o
 .bss           0x0000000000000000        0x0 g:/st/stm32cubeide_1.5.0/stm32cubeide/plugins/com.st.stm32cube.ide.mcu.externaltools.gnu-tools-for-stm32.7-2018-q2-update.win32_1.5.0.202011040924/tools/bin/../lib/gcc/arm-none-eabi/7.3.1/thumb/v7-m/crti.o
 .data          0x0000000000000000        0x4 g:/st/stm32cubeide_1.5.0/stm32cubeide/plugins/com.st.stm32cube.ide.mcu.externaltools.gnu-tools-for-stm32.7-2018-q2-update.win32_1.5.0.202011040924/tools/bin/../lib/gcc/arm-none-eabi/7.3.1/thumb/v7-m/crtbegin.o
 .text          0x0000000000000000       0x74 g:/st/stm32cubeide_1.5.0/stm32cubeide/plugins/com.st.stm32cube.ide.mcu.externaltools.gnu-tools-for-stm32.7-2018-q2-update.win32_1.5.0.202011040924/tools/bin/../lib/gcc/arm-none-eabi/7.3.1/../../../../arm-none-eabi/lib/thumb/v7-m/crt0.o
 .data          0x0000000000000000        0x0 g:/st/stm32cubeide_1.5.0/stm32cubeide/plugins/com.st.stm32cube.ide.mcu.externaltools.gnu-tools-for-stm32.7-2018-q2-update.win32_1.5.0.202011040924/tools/bin/../lib/gcc/arm-none-eabi/7.3.1/../../../../arm-none-eabi/lib/thumb/v7-m/crt0.o
 .bss           0x0000000000000000        0x0 g:/st/stm32cubeide_1.5.0/stm32cubeide/plugins/com.st.stm32cube.ide.mcu.externaltools.gnu-tools-for-stm32.7-2018-q2-update.win32_1.5.0.202011040924/tools/bin/../lib/gcc/arm-none-eabi/7.3.1/../../../../arm-none-eabi/lib/thumb/v7-m/crt0.o
 .ARM.extab     0x0000000000000000        0x0 g:/st/stm32cubeide_1.5.0/stm32cubeide/plugins/com.st.stm32cube.ide.mcu.externaltools.gnu-tools-for-stm32.7-2018-q2-update.win32_1.5.0.202011040924/tools/bin/../lib/gcc/arm-none-eabi/7.3.1/../../../../arm-none-eabi/lib/thumb/v7-m/crt0.o
 .ARM.exidx     0x0000000000000000        0x8 g:/st/stm32cubeide_1.5.0/stm32cubeide/plugins/com.st.stm32cube.ide.mcu.externaltools.gnu-tools-for-stm32.7-2018-q2-update.win32_1.5.0.202011040924/tools/bin/../lib/gcc/arm-none-eabi/7.3.1/../../../../arm-none-eabi/lib/thumb/v7-m/crt0.o
[...]
Memory Configuration

Name             Origin             Length             Attributes
RAM              0x0000000020000000 0x0000000000005000 xrw
FLASH            0x0000000008000000 0x0000000000010000 xr
*default*        0x0000000000000000 0xffffffffffffffff

Linker script and memory map

LOAD g:/st/stm32cubeide_1.5.0/stm32cubeide/plugins/com.st.stm32cube.ide.mcu.externaltools.gnu-tools-for-stm32.7-2018-q2-update.win32_1.5.0.202011040924/tools/bin/../lib/gcc/arm-none-eabi/7.3.1/thumb/v7-m/crti.o
LOAD g:/st/stm32cubeide_1.5.0/stm32cubeide/plugins/com.st.stm32cube.ide.mcu.externaltools.gnu-tools-for-stm32.7-2018-q2-update.win32_1.5.0.202011040924/tools/bin/../lib/gcc/arm-none-eabi/7.3.1/thumb/v7-m/crtbegin.o
LOAD g:/st/stm32cubeide_1.5.0/stm32cubeide/plugins/com.st.stm32cube.ide.mcu.externaltools.gnu-tools-for-stm32.7-2018-q2-update.win32_1.5.0.202011040924/tools/bin/../lib/gcc/arm-none-eabi/7.3.1/../../../../arm-none-eabi/lib/thumb/v7-m/crt0.o
LOAD Core/Src/gpio.o
LOAD Core/Src/main.o
LOAD Core/Src/stm32f1xx_it.o
LOAD Core/Src/syscalls.o
LOAD Core/Src/sysmem.o
LOAD Core/Src/system_stm32f1xx.o
LOAD Core/Src/tim.o
LOAD Core/Startup/startup_stm32f103c8tx.o
LOAD Drivers/STM32F1xx_HAL_Driver/Src/stm32f1xx_ll_dma.o
LOAD Drivers/STM32F1xx_HAL_Driver/Src/stm32f1xx_ll_exti.o
LOAD Drivers/STM32F1xx_HAL_Driver/Src/stm32f1xx_ll_gpio.o
LOAD Drivers/STM32F1xx_HAL_Driver/Src/stm32f1xx_ll_pwr.o
LOAD Drivers/STM32F1xx_HAL_Driver/Src/stm32f1xx_ll_rcc.o
LOAD Drivers/STM32F1xx_HAL_Driver/Src/stm32f1xx_ll_tim.o
LOAD Drivers/STM32F1xx_HAL_Driver/Src/stm32f1xx_ll_utils.o
START GROUP
LOAD g:/st/stm32cubeide_1.5.0/stm32cubeide/plugins/com.st.stm32cube.ide.mcu.externaltools.gnu-tools-for-stm32.7-2018-q2-update.win32_1.5.0.202011040924/tools/bin/../lib/gcc/arm-none-eabi/7.3.1/../../../../arm-none-eabi/lib/thumb/v7-m\libc_nano.a
LOAD g:/st/stm32cubeide_1.5.0/stm32cubeide/plugins/com.st.stm32cube.ide.mcu.externaltools.gnu-tools-for-stm32.7-2018-q2-update.win32_1.5.0.202011040924/tools/bin/../lib/gcc/arm-none-eabi/7.3.1/../../../../arm-none-eabi/lib/thumb/v7-m\libm.a
END GROUP
START GROUP
LOAD g:/st/stm32cubeide_1.5.0/stm32cubeide/plugins/com.st.stm32cube.ide.mcu.externaltools.gnu-tools-for-stm32.7-2018-q2-update.win32_1.5.0.202011040924/tools/bin/../lib/gcc/arm-none-eabi/7.3.1/thumb/v7-m\libgcc.a
LOAD g:/st/stm32cubeide_1.5.0/stm32cubeide/plugins/com.st.stm32cube.ide.mcu.externaltools.gnu-tools-for-stm32.7-2018-q2-update.win32_1.5.0.202011040924/tools/bin/../lib/gcc/arm-none-eabi/7.3.1/../../../../arm-none-eabi/lib/thumb/v7-m\libc_nano.a
END GROUP
START GROUP
LOAD g:/st/stm32cubeide_1.5.0/stm32cubeide/plugins/com.st.stm32cube.ide.mcu.externaltools.gnu-tools-for-stm32.7-2018-q2-update.win32_1.5.0.202011040924/tools/bin/../lib/gcc/arm-none-eabi/7.3.1/thumb/v7-m\libgcc.a
LOAD g:/st/stm32cubeide_1.5.0/stm32cubeide/plugins/com.st.stm32cube.ide.mcu.externaltools.gnu-tools-for-stm32.7-2018-q2-update.win32_1.5.0.202011040924/tools/bin/../lib/gcc/arm-none-eabi/7.3.1/../../../../arm-none-eabi/lib/thumb/v7-m\libc_nano.a
LOAD g:/st/stm32cubeide_1.5.0/stm32cubeide/plugins/com.st.stm32cube.ide.mcu.externaltools.gnu-tools-for-stm32.7-2018-q2-update.win32_1.5.0.202011040924/tools/bin/../lib/gcc/arm-none-eabi/7.3.1/../../../../arm-none-eabi/lib/thumb/v7-m\libnosys.a
END GROUP
START GROUP
LOAD g:/st/stm32cubeide_1.5.0/stm32cubeide/plugins/com.st.stm32cube.ide.mcu.externaltools.gnu-tools-for-stm32.7-2018-q2-update.win32_1.5.0.202011040924/tools/bin/../lib/gcc/arm-none-eabi/7.3.1/thumb/v7-m\libgcc.a
LOAD g:/st/stm32cubeide_1.5.0/stm32cubeide/plugins/com.st.stm32cube.ide.mcu.externaltools.gnu-tools-for-stm32.7-2018-q2-update.win32_1.5.0.202011040924/tools/bin/../lib/gcc/arm-none-eabi/7.3.1/../../../../arm-none-eabi/lib/thumb/v7-m\libc_nano.a
LOAD g:/st/stm32cubeide_1.5.0/stm32cubeide/plugins/com.st.stm32cube.ide.mcu.externaltools.gnu-tools-for-stm32.7-2018-q2-update.win32_1.5.0.202011040924/tools/bin/../lib/gcc/arm-none-eabi/7.3.1/../../../../arm-none-eabi/lib/thumb/v7-m\libnosys.a
END GROUP
LOAD g:/st/stm32cubeide_1.5.0/stm32cubeide/plugins/com.st.stm32cube.ide.mcu.externaltools.gnu-tools-for-stm32.7-2018-q2-update.win32_1.5.0.202011040924/tools/bin/../lib/gcc/arm-none-eabi/7.3.1/thumb/v7-m/crtend.o
LOAD g:/st/stm32cubeide_1.5.0/stm32cubeide/plugins/com.st.stm32cube.ide.mcu.externaltools.gnu-tools-for-stm32.7-2018-q2-update.win32_1.5.0.202011040924/tools/bin/../lib/gcc/arm-none-eabi/7.3.1/thumb/v7-m/crtn.o
                0x0000000020005000                _estack = (ORIGIN (RAM) + LENGTH (RAM))
                0x0000000000000200                _Min_Heap_Size = 0x200
                0x0000000000000400                _Min_Stack_Size = 0x400

.isr_vector     0x0000000008000000      0x10c
                0x0000000008000000                . = ALIGN (0x4)
 *(.isr_vector)
 .isr_vector    0x0000000008000000      0x10c Core/Startup/startup_stm32f103c8tx.o
                0x0000000008000000                g_pfnVectors
                0x000000000800010c                . = ALIGN (0x4)

.text           0x000000000800010c     0x18f4
                0x000000000800010c                . = ALIGN (0x4)
 *(.text)
 .text          0x000000000800010c       0x40 g:/st/stm32cubeide_1.5.0/stm32cubeide/plugins/com.st.stm32cube.ide.mcu.externaltools.gnu-tools-for-stm32.7-2018-q2-update.win32_1.5.0.202011040924/tools/bin/../lib/gcc/arm-none-eabi/7.3.1/thumb/v7-m/crtbegin.o
 *(.text*)
 .text.__NVIC_GetPriorityGrouping
                0x000000000800014c       0x1c Core/Src/gpio.o
 .text.__NVIC_EnableIRQ
                0x0000000008000168       0x38 Core/Src/gpio.o
 .text.__NVIC_SetPriority
                0x00000000080001a0       0x54 Core/Src/gpio.o
 .text.NVIC_EncodePriority
                0x00000000080001f4       0x64 Core/Src/gpio.o
 .text.LL_APB2_GRP1_EnableClock
                0x0000000008000258       0x30 Core/Src/gpio.o
 .text.LL_GPIO_SetPinMode
                0x0000000008000288       0x64 Core/Src/gpio.o
 .text.LL_GPIO_ResetOutputPin
                0x00000000080002ec       0x1e Core/Src/gpio.o
 *fill*         0x000000000800030a        0x2 
 .text.LL_GPIO_AF_SetEXTISource
                0x000000000800030c       0x5c Core/Src/gpio.o
 .text.MX_GPIO_Init
                0x0000000008000368       0xf0 Core/Src/gpio.o
                0x0000000008000368                MX_GPIO_Init
 .text.__NVIC_SetPriorityGrouping
                0x0000000008000458       0x48 Core/Src/main.o
 .text.LL_RCC_HSI_Enable
                0x00000000080004a0       0x1c Core/Src/main.o
 .text.LL_RCC_HSI_IsReady
                0x00000000080004bc       0x24 Core/Src/main.o
 .text.LL_RCC_HSI_SetCalibTrimming
                0x00000000080004e0       0x28 Core/Src/main.o
 .text.LL_RCC_SetSysClkSource
                0x0000000008000508       0x28 Core/Src/main.o
 .text.LL_RCC_GetSysClkSource
                0x0000000008000530       0x18 Core/Src/main.o
 .text.LL_RCC_SetAHBPrescaler
                0x0000000008000548       0x28 Core/Src/main.o
 .text.LL_RCC_SetAPB1Prescaler
                0x0000000008000570       0x28 Core/Src/main.o
 .text.LL_RCC_SetAPB2Prescaler
                0x0000000008000598       0x28 Core/Src/main.o
 .text.LL_RCC_PLL_Enable
                0x00000000080005c0       0x1c Core/Src/main.o
 .text.LL_RCC_PLL_IsReady
                0x00000000080005dc       0x24 Core/Src/main.o
 .text.LL_RCC_PLL_ConfigDomain_SYS
                0x0000000008000600       0x30 Core/Src/main.o
 .text.LL_APB1_GRP1_EnableClock
                0x0000000008000630       0x30 Core/Src/main.o
 .text.LL_APB2_GRP1_EnableClock
                0x0000000008000660       0x30 Core/Src/main.o
 .text.LL_FLASH_SetLatency
                0x0000000008000690       0x28 Core/Src/main.o
 .text.LL_FLASH_GetLatency
                0x00000000080006b8       0x18 Core/Src/main.o
 .text.LL_TIM_EnableCounter
                0x00000000080006d0       0x1e Core/Src/main.o
 .text.LL_TIM_EnableIT_UPDATE
                0x00000000080006ee       0x1e Core/Src/main.o
 .text.LL_GPIO_ReadInputPort
                0x000000000800070c       0x16 Core/Src/main.o
 .text.LL_GPIO_SetOutputPin
                0x0000000008000722       0x1e Core/Src/main.o
 .text.LL_GPIO_ResetOutputPin
                0x0000000008000740       0x1e Core/Src/main.o
 *fill*         0x000000000800075e        0x2 
 .text.LL_GPIO_AF_Remap_SWJ_NOJTAG
                0x0000000008000760       0x28 Core/Src/main.o
 .text.main     0x0000000008000788      0x404 Core/Src/main.o
                0x0000000008000788                main
 .text.SystemClock_Config
                0x0000000008000b8c       0x80 Core/Src/main.o
                0x0000000008000b8c                SystemClock_Config
 .text.show_n   0x0000000008000c0c      0x348 Core/Src/main.o
                0x0000000008000c0c                show_n
 .text.LL_EXTI_IsActiveFlag_0_31
                0x0000000008000f54       0x2c Core/Src/stm32f1xx_it.o
 .text.LL_EXTI_ClearFlag_0_31
                0x0000000008000f80       0x1c Core/Src/stm32f1xx_it.o
 .text.LL_TIM_ClearFlag_UPDATE
                0x0000000008000f9c       0x1a Core/Src/stm32f1xx_it.o
 .text.LL_TIM_IsActiveFlag_UPDATE
                0x0000000008000fb6       0x24 Core/Src/stm32f1xx_it.o
 .text.NMI_Handler
                0x0000000008000fda        0x6 Core/Src/stm32f1xx_it.o
                0x0000000008000fda                NMI_Handler
 .text.HardFault_Handler
                0x0000000008000fe0        0x6 Core/Src/stm32f1xx_it.o
                0x0000000008000fe0                HardFault_Handler
 .text.MemManage_Handler
                0x0000000008000fe6        0x6 Core/Src/stm32f1xx_it.o
                0x0000000008000fe6                MemManage_Handler
 .text.BusFault_Handler
                0x0000000008000fec        0x6 Core/Src/stm32f1xx_it.o
                0x0000000008000fec                BusFault_Handler
 .text.UsageFault_Handler
                0x0000000008000ff2        0x6 Core/Src/stm32f1xx_it.o
                0x0000000008000ff2                UsageFault_Handler
 .text.SVC_Handler
                0x0000000008000ff8        0xc Core/Src/stm32f1xx_it.o
                0x0000000008000ff8                SVC_Handler
 .text.DebugMon_Handler
                0x0000000008001004        0xc Core/Src/stm32f1xx_it.o
                0x0000000008001004                DebugMon_Handler
 .text.PendSV_Handler
                0x0000000008001010        0xc Core/Src/stm32f1xx_it.o
                0x0000000008001010                PendSV_Handler
 .text.SysTick_Handler
                0x000000000800101c        0xc Core/Src/stm32f1xx_it.o
                0x000000000800101c                SysTick_Handler
 .text.EXTI9_5_IRQHandler
                0x0000000008001028       0x60 Core/Src/stm32f1xx_it.o
                0x0000000008001028                EXTI9_5_IRQHandler
 .text.TIM1_UP_IRQHandler
                0x0000000008001088       0x50 Core/Src/stm32f1xx_it.o
                0x0000000008001088                TIM1_UP_IRQHandler
 .text.SystemInit
                0x00000000080010d8        0xc Core/Src/system_stm32f1xx.o
                0x00000000080010d8                SystemInit
 .text.__NVIC_GetPriorityGrouping
                0x00000000080010e4       0x1c Core/Src/tim.o
 .text.__NVIC_EnableIRQ
                0x0000000008001100       0x38 Core/Src/tim.o
 .text.__NVIC_SetPriority
                0x0000000008001138       0x54 Core/Src/tim.o
 .text.NVIC_EncodePriority
                0x000000000800118c       0x64 Core/Src/tim.o
 .text.LL_APB2_GRP1_EnableClock
                0x00000000080011f0       0x30 Core/Src/tim.o
 .text.LL_TIM_DisableARRPreload
                0x0000000008001220       0x1e Core/Src/tim.o
 .text.LL_TIM_SetClockSource
                0x000000000800123e       0x28 Core/Src/tim.o
 .text.LL_TIM_SetTriggerOutput
                0x0000000008001266       0x24 Core/Src/tim.o
 .text.LL_TIM_DisableMasterSlaveMode
                0x000000000800128a       0x1e Core/Src/tim.o
 .text.MX_TIM1_Init
                0x00000000080012a8       0x84 Core/Src/tim.o
                0x00000000080012a8                MX_TIM1_Init
 .text.Reset_Handler
                0x000000000800132c       0x48 Core/Startup/startup_stm32f103c8tx.o
                0x000000000800132c                Reset_Handler
 .text.Default_Handler
                0x0000000008001374        0x2 Core/Startup/startup_stm32f103c8tx.o
                0x0000000008001374                RTC_Alarm_IRQHandler
                0x0000000008001374                EXTI2_IRQHandler
                0x0000000008001374                TIM1_CC_IRQHandler
                0x0000000008001374                PVD_IRQHandler
                0x0000000008001374                EXTI3_IRQHandler
                0x0000000008001374                EXTI0_IRQHandler
                0x0000000008001374                I2C2_EV_IRQHandler
                0x0000000008001374                ADC1_2_IRQHandler
                0x0000000008001374                SPI1_IRQHandler
                0x0000000008001374                TAMPER_IRQHandler
                0x0000000008001374                DMA1_Channel4_IRQHandler
                0x0000000008001374                USART3_IRQHandler
                0x0000000008001374                RTC_IRQHandler
                0x0000000008001374                DMA1_Channel7_IRQHandler
                0x0000000008001374                CAN1_RX1_IRQHandler
                0x0000000008001374                TIM4_IRQHandler
                0x0000000008001374                I2C1_EV_IRQHandler
                0x0000000008001374                DMA1_Channel6_IRQHandler
                0x0000000008001374                TIM3_IRQHandler
                0x0000000008001374                RCC_IRQHandler
                0x0000000008001374                TIM1_TRG_COM_IRQHandler
                0x0000000008001374                DMA1_Channel1_IRQHandler
                0x0000000008001374                Default_Handler
                0x0000000008001374                EXTI15_10_IRQHandler
                0x0000000008001374                SPI2_IRQHandler
                0x0000000008001374                DMA1_Channel5_IRQHandler
                0x0000000008001374                EXTI4_IRQHandler
                0x0000000008001374                USB_LP_CAN1_RX0_IRQHandler
                0x0000000008001374                USB_HP_CAN1_TX_IRQHandler
                0x0000000008001374                DMA1_Channel3_IRQHandler
                0x0000000008001374                WWDG_IRQHandler
                0x0000000008001374                TIM2_IRQHandler
                0x0000000008001374                TIM1_BRK_IRQHandler
                0x0000000008001374                EXTI1_IRQHandler
                0x0000000008001374                USART2_IRQHandler
                0x0000000008001374                I2C2_ER_IRQHandler
                0x0000000008001374                DMA1_Channel2_IRQHandler
                0x0000000008001374                CAN1_SCE_IRQHandler
                0x0000000008001374                FLASH_IRQHandler
                0x0000000008001374                USART1_IRQHandler
                0x0000000008001374                I2C1_ER_IRQHandler
                0x0000000008001374                USBWakeUp_IRQHandler
 *fill*         0x0000000008001376        0x2 
 .text.LL_EXTI_EnableIT_0_31
                0x0000000008001378       0x24 Drivers/STM32F1xx_HAL_Driver/Src/stm32f1xx_ll_exti.o
 .text.LL_EXTI_DisableIT_0_31
                0x000000000800139c       0x24 Drivers/STM32F1xx_HAL_Driver/Src/stm32f1xx_ll_exti.o
 .text.LL_EXTI_EnableEvent_0_31
                0x00000000080013c0       0x24 Drivers/STM32F1xx_HAL_Driver/Src/stm32f1xx_ll_exti.o
 .text.LL_EXTI_DisableEvent_0_31
                0x00000000080013e4       0x24 Drivers/STM32F1xx_HAL_Driver/Src/stm32f1xx_ll_exti.o
 .text.LL_EXTI_EnableRisingTrig_0_31
                0x0000000008001408       0x24 Drivers/STM32F1xx_HAL_Driver/Src/stm32f1xx_ll_exti.o
 .text.LL_EXTI_DisableRisingTrig_0_31
                0x000000000800142c       0x24 Drivers/STM32F1xx_HAL_Driver/Src/stm32f1xx_ll_exti.o
 .text.LL_EXTI_EnableFallingTrig_0_31
                0x0000000008001450       0x24 Drivers/STM32F1xx_HAL_Driver/Src/stm32f1xx_ll_exti.o
 .text.LL_EXTI_DisableFallingTrig_0_31
                0x0000000008001474       0x24 Drivers/STM32F1xx_HAL_Driver/Src/stm32f1xx_ll_exti.o
 .text.LL_EXTI_Init
                0x0000000008001498       0xf8 Drivers/STM32F1xx_HAL_Driver/Src/stm32f1xx_ll_exti.o
                0x0000000008001498                LL_EXTI_Init
 .text.LL_GPIO_SetPinMode
                0x0000000008001590       0x64 Drivers/STM32F1xx_HAL_Driver/Src/stm32f1xx_ll_gpio.o
 .text.LL_GPIO_SetPinSpeed
                0x00000000080015f4       0x64 Drivers/STM32F1xx_HAL_Driver/Src/stm32f1xx_ll_gpio.o
 .text.LL_GPIO_SetPinOutputType
                0x0000000008001658       0x64 Drivers/STM32F1xx_HAL_Driver/Src/stm32f1xx_ll_gpio.o
 .text.LL_GPIO_SetPinPull
                0x00000000080016bc       0x44 Drivers/STM32F1xx_HAL_Driver/Src/stm32f1xx_ll_gpio.o
 .text.LL_GPIO_Init
                0x0000000008001700       0xc4 Drivers/STM32F1xx_HAL_Driver/Src/stm32f1xx_ll_gpio.o
                0x0000000008001700                LL_GPIO_Init
 .text.LL_TIM_SetPrescaler
                0x00000000080017c4       0x1a Drivers/STM32F1xx_HAL_Driver/Src/stm32f1xx_ll_tim.o
 .text.LL_TIM_SetAutoReload
                0x00000000080017de       0x1a Drivers/STM32F1xx_HAL_Driver/Src/stm32f1xx_ll_tim.o
 .text.LL_TIM_SetRepetitionCounter
                0x00000000080017f8       0x1a Drivers/STM32F1xx_HAL_Driver/Src/stm32f1xx_ll_tim.o
 .text.LL_TIM_GenerateEvent_UPDATE
                0x0000000008001812       0x1e Drivers/STM32F1xx_HAL_Driver/Src/stm32f1xx_ll_tim.o
 .text.LL_TIM_Init
                0x0000000008001830       0xbc Drivers/STM32F1xx_HAL_Driver/Src/stm32f1xx_ll_tim.o
                0x0000000008001830                LL_TIM_Init
 .text.LL_InitTick
                0x00000000080018ec       0x34 Drivers/STM32F1xx_HAL_Driver/Src/stm32f1xx_ll_utils.o
 .text.LL_Init1msTick
                0x0000000008001920       0x1a Drivers/STM32F1xx_HAL_Driver/Src/stm32f1xx_ll_utils.o
                0x0000000008001920                LL_Init1msTick
 *fill*         0x000000000800193a        0x2 
 .text.LL_mDelay
                0x000000000800193c       0x48 Drivers/STM32F1xx_HAL_Driver/Src/stm32f1xx_ll_utils.o
                0x000000000800193c                LL_mDelay
 .text.LL_SetSystemCoreClock
                0x0000000008001984       0x1c Drivers/STM32F1xx_HAL_Driver/Src/stm32f1xx_ll_utils.o
                0x0000000008001984                LL_SetSystemCoreClock
 .text.__libc_init_array
                0x00000000080019a0       0x48 g:/st/stm32cubeide_1.5.0/stm32cubeide/plugins/com.st.stm32cube.ide.mcu.externaltools.gnu-tools-for-stm32.7-2018-q2-update.win32_1.5.0.202011040924/tools/bin/../lib/gcc/arm-none-eabi/7.3.1/../../../../arm-none-eabi/lib/thumb/v7-m\libc_nano.a(lib_a-init.o)
                0x00000000080019a0                __libc_init_array
 *(.glue_7)
 .glue_7        0x00000000080019e8        0x0 linker stubs
 *(.glue_7t)
 .glue_7t       0x00000000080019e8        0x0 linker stubs
 *(.eh_frame)
 .eh_frame      0x00000000080019e8        0x0 g:/st/stm32cubeide_1.5.0/stm32cubeide/plugins/com.st.stm32cube.ide.mcu.externaltools.gnu-tools-for-stm32.7-2018-q2-update.win32_1.5.0.202011040924/tools/bin/../lib/gcc/arm-none-eabi/7.3.1/thumb/v7-m/crtbegin.o
 *(.init)
 .init          0x00000000080019e8        0x4 g:/st/stm32cubeide_1.5.0/stm32cubeide/plugins/com.st.stm32cube.ide.mcu.externaltools.gnu-tools-for-stm32.7-2018-q2-update.win32_1.5.0.202011040924/tools/bin/../lib/gcc/arm-none-eabi/7.3.1/thumb/v7-m/crti.o
                0x00000000080019e8                _init
 .init          0x00000000080019ec        0x8 g:/st/stm32cubeide_1.5.0/stm32cubeide/plugins/com.st.stm32cube.ide.mcu.externaltools.gnu-tools-for-stm32.7-2018-q2-update.win32_1.5.0.202011040924/tools/bin/../lib/gcc/arm-none-eabi/7.3.1/thumb/v7-m/crtn.o
 *(.fini)
 .fini          0x00000000080019f4        0x4 g:/st/stm32cubeide_1.5.0/stm32cubeide/plugins/com.st.stm32cube.ide.mcu.externaltools.gnu-tools-for-stm32.7-2018-q2-update.win32_1.5.0.202011040924/tools/bin/../lib/gcc/arm-none-eabi/7.3.1/thumb/v7-m/crti.o
                0x00000000080019f4                _fini
 .fini          0x00000000080019f8        0x8 g:/st/stm32cubeide_1.5.0/stm32cubeide/plugins/com.st.stm32cube.ide.mcu.externaltools.gnu-tools-for-stm32.7-2018-q2-update.win32_1.5.0.202011040924/tools/bin/../lib/gcc/arm-none-eabi/7.3.1/thumb/v7-m/crtn.o
                0x0000000008001a00                . = ALIGN (0x4)
                0x0000000008001a00                _etext = .

.vfp11_veneer   0x0000000008001a00        0x0
 .vfp11_veneer  0x0000000008001a00        0x0 linker stubs

.v4_bx          0x0000000008001a00        0x0
 .v4_bx         0x0000000008001a00        0x0 linker stubs

.iplt           0x0000000008001a00        0x0
 .iplt          0x0000000008001a00        0x0 g:/st/stm32cubeide_1.5.0/stm32cubeide/plugins/com.st.stm32cube.ide.mcu.externaltools.gnu-tools-for-stm32.7-2018-q2-update.win32_1.5.0.202011040924/tools/bin/../lib/gcc/arm-none-eabi/7.3.1/thumb/v7-m/crtbegin.o

.rel.dyn        0x0000000008001a00        0x0
 .rel.iplt      0x0000000008001a00        0x0 g:/st/stm32cubeide_1.5.0/stm32cubeide/plugins/com.st.stm32cube.ide.mcu.externaltools.gnu-tools-for-stm32.7-2018-q2-update.win32_1.5.0.202011040924/tools/bin/../lib/gcc/arm-none-eabi/7.3.1/thumb/v7-m/crtbegin.o

.rodata         0x0000000008001a00        0x0
                0x0000000008001a00                . = ALIGN (0x4)
 *(.rodata)
 *(.rodata*)
                0x0000000008001a00                . = ALIGN (0x4)

.ARM.extab      0x0000000008001a00        0x0
                0x0000000008001a00                . = ALIGN (0x4)
 *(.ARM.extab* .gnu.linkonce.armextab.*)
                0x0000000008001a00                . = ALIGN (0x4)

.ARM            0x0000000008001a00        0x0
                0x0000000008001a00                . = ALIGN (0x4)
                0x0000000008001a00                __exidx_start = .
 *(.ARM.exidx*)
                0x0000000008001a00                __exidx_end = .
                0x0000000008001a00                . = ALIGN (0x4)

.preinit_array  0x0000000008001a00        0x0
                0x0000000008001a00                . = ALIGN (0x4)
                0x0000000008001a00                PROVIDE (__preinit_array_start = .)
 *(.preinit_array*)
                0x0000000008001a00                PROVIDE (__preinit_array_end = .)
                0x0000000008001a00                . = ALIGN (0x4)

.init_array     0x0000000008001a00        0x4
                0x0000000008001a00                . = ALIGN (0x4)
                0x0000000008001a00                PROVIDE (__init_array_start = .)
 *(SORT_BY_NAME(.init_array.*))
 *(.init_array*)
 .init_array    0x0000000008001a00        0x4 g:/st/stm32cubeide_1.5.0/stm32cubeide/plugins/com.st.stm32cube.ide.mcu.externaltools.gnu-tools-for-stm32.7-2018-q2-update.win32_1.5.0.202011040924/tools/bin/../lib/gcc/arm-none-eabi/7.3.1/thumb/v7-m/crtbegin.o
                0x0000000008001a04                PROVIDE (__init_array_end = .)
                0x0000000008001a04                . = ALIGN (0x4)

.fini_array     0x0000000008001a04        0x4
                0x0000000008001a04                . = ALIGN (0x4)
                [!provide]                        PROVIDE (__fini_array_start = .)
 *(SORT_BY_NAME(.fini_array.*))
 *(.fini_array*)
 .fini_array    0x0000000008001a04        0x4 g:/st/stm32cubeide_1.5.0/stm32cubeide/plugins/com.st.stm32cube.ide.mcu.externaltools.gnu-tools-for-stm32.7-2018-q2-update.win32_1.5.0.202011040924/tools/bin/../lib/gcc/arm-none-eabi/7.3.1/thumb/v7-m/crtbegin.o
                [!provide]                        PROVIDE (__fini_array_end = .)
                0x0000000008001a08                . = ALIGN (0x4)
                0x0000000008001a08                _sidata = LOADADDR (.data)

.data           0x0000000020000000        0x4 load address 0x0000000008001a08
                0x0000000020000000                . = ALIGN (0x4)
                0x0000000020000000                _sdata = .
 *(.data)
 *(.data*)
 .data.SystemCoreClock
                0x0000000020000000        0x4 Core/Src/system_stm32f1xx.o
                0x0000000020000000                SystemCoreClock
 *(.RamFunc)
 *(.RamFunc*)
                0x0000000020000004                . = ALIGN (0x4)
                0x0000000020000004                _edata = .

.igot.plt       0x0000000020000004        0x0 load address 0x0000000008001a0c
 .igot.plt      0x0000000020000004        0x0 g:/st/stm32cubeide_1.5.0/stm32cubeide/plugins/com.st.stm32cube.ide.mcu.externaltools.gnu-tools-for-stm32.7-2018-q2-update.win32_1.5.0.202011040924/tools/bin/../lib/gcc/arm-none-eabi/7.3.1/thumb/v7-m/crtbegin.o
                0x0000000020000004                . = ALIGN (0x4)

.bss            0x0000000020000004       0x38 load address 0x0000000008001a0c
                0x0000000020000004                _sbss = .
                0x0000000020000004                __bss_start__ = _sbss
 *(.bss)
 .bss           0x0000000020000004       0x1c g:/st/stm32cubeide_1.5.0/stm32cubeide/plugins/com.st.stm32cube.ide.mcu.externaltools.gnu-tools-for-stm32.7-2018-q2-update.win32_1.5.0.202011040924/tools/bin/../lib/gcc/arm-none-eabi/7.3.1/thumb/v7-m/crtbegin.o
 *(.bss*)
 .bss.cnt       0x0000000020000020        0x4 Core/Src/main.o
                0x0000000020000020                cnt
 .bss.Gcnt      0x0000000020000024        0x4 Core/Src/main.o
                0x0000000020000024                Gcnt
 .bss.Wcnt      0x0000000020000028        0x4 Core/Src/main.o
                0x0000000020000028                Wcnt
 .bss.uscnt     0x000000002000002c        0x4 Core/Src/main.o
                0x000000002000002c                uscnt
 .bss.nn        0x0000000020000030        0x2 Core/Src/main.o
                0x0000000020000030                nn
 .bss.G         0x0000000020000032        0x1 Core/Src/main.o
                0x0000000020000032                G
 .bss.C         0x0000000020000033        0x1 Core/Src/main.o
                0x0000000020000033                C
 .bss.S         0x0000000020000034        0x1 Core/Src/main.o
                0x0000000020000034                S
 *fill*         0x0000000020000035        0x1 
 .bss.i         0x0000000020000036        0x2 Core/Src/main.o
                0x0000000020000036                i
 .bss.shot      0x0000000020000038        0x1 Core/Src/stm32f1xx_it.o
                0x0000000020000038                shot
 *(COMMON)
                0x000000002000003c                . = ALIGN (0x4)
 *fill*         0x0000000020000039        0x3 
                0x000000002000003c                _ebss = .
                0x000000002000003c                __bss_end__ = _ebss

._user_heap_stack
                0x000000002000003c      0x604 load address 0x0000000008001a0c
                0x0000000020000040                . = ALIGN (0x8)
 *fill*         0x000000002000003c        0x4 
                [!provide]                        PROVIDE (end = .)
                0x0000000020000040                PROVIDE (_end = .)
                0x0000000020000240                . = (. + _Min_Heap_Size)
 *fill*         0x0000000020000040      0x200 
                0x0000000020000640                . = (. + _Min_Stack_Size)
 *fill*         0x0000000020000240      0x400 
                0x0000000020000640                . = ALIGN (0x8)

/DISCARD/
 libc.a(*)
 libm.a(*)
 libgcc.a(*)

.ARM.attributes
                0x0000000000000000       0x29
 *(.ARM.attributes)
 .ARM.attributes
                0x0000000000000000       0x1d g:/st/stm32cubeide_1.5.0/stm32cubeide/plugins/com.st.stm32cube.ide.mcu.externaltools.gnu-tools-for-stm32.7-2018-q2-update.win32_1.5.0.202011040924/tools/bin/../lib/gcc/arm-none-eabi/7.3.1/thumb/v7-m/crti.o
 .ARM.attributes
                0x000000000000001d       0x2d g:/st/stm32cubeide_1.5.0/stm32cubeide/plugins/com.st.stm32cube.ide.mcu.externaltools.gnu-tools-for-stm32.7-2018-q2-update.win32_1.5.0.202011040924/tools/bin/../lib/gcc/arm-none-eabi/7.3.1/thumb/v7-m/crtbegin.o
 .ARM.attributes
                0x000000000000004a       0x33 Core/Src/gpio.o
 .ARM.attributes
                0x000000000000007d       0x33 Core/Src/main.o
 .ARM.attributes
                0x00000000000000b0       0x33 Core/Src/stm32f1xx_it.o
 .ARM.attributes
                0x00000000000000e3       0x33 Core/Src/system_stm32f1xx.o
 .ARM.attributes
                0x0000000000000116       0x33 Core/Src/tim.o
 .ARM.attributes
                0x0000000000000149       0x21 Core/Startup/startup_stm32f103c8tx.o
 .ARM.attributes
                0x000000000000016a       0x33 Drivers/STM32F1xx_HAL_Driver/Src/stm32f1xx_ll_exti.o
 .ARM.attributes
                0x000000000000019d       0x33 Drivers/STM32F1xx_HAL_Driver/Src/stm32f1xx_ll_gpio.o
 .ARM.attributes
                0x00000000000001d0       0x33 Drivers/STM32F1xx_HAL_Driver/Src/stm32f1xx_ll_tim.o
 .ARM.attributes
                0x0000000000000203       0x33 Drivers/STM32F1xx_HAL_Driver/Src/stm32f1xx_ll_utils.o
 .ARM.attributes
                0x0000000000000236       0x2d g:/st/stm32cubeide_1.5.0/stm32cubeide/plugins/com.st.stm32cube.ide.mcu.externaltools.gnu-tools-for-stm32.7-2018-q2-update.win32_1.5.0.202011040924/tools/bin/../lib/gcc/arm-none-eabi/7.3.1/../../../../arm-none-eabi/lib/thumb/v7-m\libc_nano.a(lib_a-init.o)
 .ARM.attributes
                0x0000000000000263       0x1d g:/st/stm32cubeide_1.5.0/stm32cubeide/plugins/com.st.stm32cube.ide.mcu.externaltools.gnu-tools-for-stm32.7-2018-q2-update.win32_1.5.0.202011040924/tools/bin/../lib/gcc/arm-none-eabi/7.3.1/thumb/v7-m/crtn.o
OUTPUT(laserGD.elf elf32-littlearm)

.debug_info     0x0000000000000000     0x4683
 .debug_info    0x0000000000000000      0xa98 Core/Src/gpio.o
 .debug_info    0x0000000000000a98      0xb27 Core/Src/main.o
 .debug_info    0x00000000000015bf      0x4f4 Core/Src/stm32f1xx_it.o
 .debug_info    0x0000000000001ab3      0x241 Core/Src/system_stm32f1xx.o
 .debug_info    0x0000000000001cf4      0x9c8 Core/Src/tim.o
 .debug_info    0x00000000000026bc       0x22 Core/Startup/startup_stm32f103c8tx.o
 .debug_info    0x00000000000026de      0x3aa Drivers/STM32F1xx_HAL_Driver/Src/stm32f1xx_ll_exti.o
 .debug_info    0x0000000000002a88      0x670 Drivers/STM32F1xx_HAL_Driver/Src/stm32f1xx_ll_gpio.o
 .debug_info    0x00000000000030f8      0xdfa Drivers/STM32F1xx_HAL_Driver/Src/stm32f1xx_ll_tim.o
 .debug_info    0x0000000000003ef2      0x791 Drivers/STM32F1xx_HAL_Driver/Src/stm32f1xx_ll_utils.o

.debug_abbrev   0x0000000000000000     0x10df
 .debug_abbrev  0x0000000000000000      0x245 Core/Src/gpio.o
 .debug_abbrev  0x0000000000000245      0x20e Core/Src/main.o
 .debug_abbrev  0x0000000000000453      0x1ab Core/Src/stm32f1xx_it.o
 .debug_abbrev  0x00000000000005fe      0x134 Core/Src/system_stm32f1xx.o
 .debug_abbrev  0x0000000000000732      0x1c1 Core/Src/tim.o
 .debug_abbrev  0x00000000000008f3       0x12 Core/Startup/startup_stm32f103c8tx.o
 .debug_abbrev  0x0000000000000905      0x19e Drivers/STM32F1xx_HAL_Driver/Src/stm32f1xx_ll_exti.o
 .debug_abbrev  0x0000000000000aa3      0x210 Drivers/STM32F1xx_HAL_Driver/Src/stm32f1xx_ll_gpio.o
 .debug_abbrev  0x0000000000000cb3      0x1ff Drivers/STM32F1xx_HAL_Driver/Src/stm32f1xx_ll_tim.o
 .debug_abbrev  0x0000000000000eb2      0x22d Drivers/STM32F1xx_HAL_Driver/Src/stm32f1xx_ll_utils.o

.debug_aranges  0x0000000000000000      0x578
 .debug_aranges
                0x0000000000000000       0x60 Core/Src/gpio.o
 .debug_aranges
                0x0000000000000060       0xe8 Core/Src/main.o
 .debug_aranges
                0x0000000000000148       0x90 Core/Src/stm32f1xx_it.o
 .debug_aranges
                0x00000000000001d8       0x28 Core/Src/system_stm32f1xx.o
 .debug_aranges
                0x0000000000000200       0x68 Core/Src/tim.o
 .debug_aranges
                0x0000000000000268       0x28 Core/Startup/startup_stm32f103c8tx.o
 .debug_aranges
                0x0000000000000290       0x70 Drivers/STM32F1xx_HAL_Driver/Src/stm32f1xx_ll_exti.o
 .debug_aranges
                0x0000000000000300       0x60 Drivers/STM32F1xx_HAL_Driver/Src/stm32f1xx_ll_gpio.o
 .debug_aranges
                0x0000000000000360      0x128 Drivers/STM32F1xx_HAL_Driver/Src/stm32f1xx_ll_tim.o
 .debug_aranges
                0x0000000000000488       0xf0 Drivers/STM32F1xx_HAL_Driver/Src/stm32f1xx_ll_utils.o

.debug_ranges   0x0000000000000000      0x4e0
 .debug_ranges  0x0000000000000000       0x50 Core/Src/gpio.o
 .debug_ranges  0x0000000000000050       0xd8 Core/Src/main.o
 .debug_ranges  0x0000000000000128       0x80 Core/Src/stm32f1xx_it.o
 .debug_ranges  0x00000000000001a8       0x18 Core/Src/system_stm32f1xx.o
 .debug_ranges  0x00000000000001c0       0x58 Core/Src/tim.o
 .debug_ranges  0x0000000000000218       0x20 Core/Startup/startup_stm32f103c8tx.o
 .debug_ranges  0x0000000000000238       0x60 Drivers/STM32F1xx_HAL_Driver/Src/stm32f1xx_ll_exti.o
 .debug_ranges  0x0000000000000298       0x50 Drivers/STM32F1xx_HAL_Driver/Src/stm32f1xx_ll_gpio.o
 .debug_ranges  0x00000000000002e8      0x118 Drivers/STM32F1xx_HAL_Driver/Src/stm32f1xx_ll_tim.o
 .debug_ranges  0x0000000000000400       0xe0 Drivers/STM32F1xx_HAL_Driver/Src/stm32f1xx_ll_utils.o

.debug_macro    0x0000000000000000    0x1211c
 .debug_macro   0x0000000000000000      0x135 Core/Src/gpio.o
 .debug_macro   0x0000000000000135      0xa8a Core/Src/gpio.o
 .debug_macro   0x0000000000000bbf       0x2e Core/Src/gpio.o
 .debug_macro   0x0000000000000bed       0x22 Core/Src/gpio.o
 .debug_macro   0x0000000000000c0f       0x22 Core/Src/gpio.o
 .debug_macro   0x0000000000000c31       0x8e Core/Src/gpio.o
 .debug_macro   0x0000000000000cbf       0x51 Core/Src/gpio.o
 .debug_macro   0x0000000000000d10       0xef Core/Src/gpio.o
 .debug_macro   0x0000000000000dff       0x6a Core/Src/gpio.o
 .debug_macro   0x0000000000000e69      0x1df Core/Src/gpio.o
 .debug_macro   0x0000000000001048       0x1c Core/Src/gpio.o
 .debug_macro   0x0000000000001064       0x22 Core/Src/gpio.o
 .debug_macro   0x0000000000001086       0xc3 Core/Src/gpio.o
 .debug_macro   0x0000000000001149      0xd23 Core/Src/gpio.o
 .debug_macro   0x0000000000001e6c     0xe097 Core/Src/gpio.o
 .debug_macro   0x000000000000ff03       0x43 Core/Src/gpio.o
 .debug_macro   0x000000000000ff46      0x2b8 Core/Src/gpio.o
 .debug_macro   0x00000000000101fe       0xd7 Core/Src/gpio.o
 .debug_macro   0x00000000000102d5       0x74 Core/Src/gpio.o
 .debug_macro   0x0000000000010349       0xd0 Core/Src/gpio.o
 .debug_macro   0x0000000000010419       0x28 Core/Src/gpio.o
 .debug_macro   0x0000000000010441       0x2a Core/Src/gpio.o
 .debug_macro   0x000000000001046b       0x90 Core/Src/gpio.o
 .debug_macro   0x00000000000104fb      0x287 Core/Src/gpio.o
 .debug_macro   0x0000000000010782      0x57a Core/Src/gpio.o
 .debug_macro   0x0000000000010cfc      0x22a Core/Src/gpio.o
 .debug_macro   0x0000000000010f26       0xd0 Core/Src/gpio.o
 .debug_macro   0x0000000000010ff6      0x149 Core/Src/main.o
 .debug_macro   0x000000000001113f      0x135 Core/Src/stm32f1xx_it.o
 .debug_macro   0x0000000000011274       0xbc Core/Src/system_stm32f1xx.o
 .debug_macro   0x0000000000011330      0x135 Core/Src/tim.o
 .debug_macro   0x0000000000011465       0xe3 Drivers/STM32F1xx_HAL_Driver/Src/stm32f1xx_ll_exti.o
 .debug_macro   0x0000000000011548       0xca Drivers/STM32F1xx_HAL_Driver/Src/stm32f1xx_ll_exti.o
 .debug_macro   0x0000000000011612       0xf8 Drivers/STM32F1xx_HAL_Driver/Src/stm32f1xx_ll_gpio.o
 .debug_macro   0x000000000001170a      0x224 Drivers/STM32F1xx_HAL_Driver/Src/stm32f1xx_ll_gpio.o
 .debug_macro   0x000000000001192e      0x147 Drivers/STM32F1xx_HAL_Driver/Src/stm32f1xx_ll_tim.o
 .debug_macro   0x0000000000011a75      0x574 Drivers/STM32F1xx_HAL_Driver/Src/stm32f1xx_ll_tim.o
 .debug_macro   0x0000000000011fe9      0x133 Drivers/STM32F1xx_HAL_Driver/Src/stm32f1xx_ll_utils.o

.debug_line     0x0000000000000000     0x3ca7
 .debug_line    0x0000000000000000      0x67b Core/Src/gpio.o
 .debug_line    0x000000000000067b      0x8de Core/Src/main.o
 .debug_line    0x0000000000000f59      0x6cb Core/Src/stm32f1xx_it.o
 .debug_line    0x0000000000001624      0x484 Core/Src/system_stm32f1xx.o
 .debug_line    0x0000000000001aa8      0x652 Core/Src/tim.o
 .debug_line    0x00000000000020fa       0x84 Core/Startup/startup_stm32f103c8tx.o
 .debug_line    0x000000000000217e      0x58c Drivers/STM32F1xx_HAL_Driver/Src/stm32f1xx_ll_exti.o
 .debug_line    0x000000000000270a      0x600 Drivers/STM32F1xx_HAL_Driver/Src/stm32f1xx_ll_gpio.o
 .debug_line    0x0000000000002d0a      0x85a Drivers/STM32F1xx_HAL_Driver/Src/stm32f1xx_ll_tim.o
 .debug_line    0x0000000000003564      0x743 Drivers/STM32F1xx_HAL_Driver/Src/stm32f1xx_ll_utils.o

.debug_str      0x0000000000000000    0x5e469
 .debug_str     0x0000000000000000    0x5ba4c Core/Src/gpio.o
                                      0x5bd7b (size before relaxing)
 .debug_str     0x000000000005ba4c      0x2dc Core/Src/main.o
                                      0x5bbb7 (size before relaxing)
 .debug_str     0x000000000005bd28      0x160 Core/Src/stm32f1xx_it.o
                                      0x5b91c (size before relaxing)
 .debug_str     0x000000000005be88       0x52 Core/Src/system_stm32f1xx.o
                                      0x5424d (size before relaxing)
 .debug_str     0x000000000005beda       0xe0 Core/Src/tim.o
                                      0x5bd71 (size before relaxing)
 .debug_str     0x000000000005bfba       0x36 Core/Startup/startup_stm32f103c8tx.o
                                         0x71 (size before relaxing)
 .debug_str     0x000000000005bff0      0x339 Drivers/STM32F1xx_HAL_Driver/Src/stm32f1xx_ll_exti.o
                                      0x5499e (size before relaxing)
 .debug_str     0x000000000005c329      0x3c7 Drivers/STM32F1xx_HAL_Driver/Src/stm32f1xx_ll_gpio.o
                                      0x55bbc (size before relaxing)
 .debug_str     0x000000000005c6f0     0x12cb Drivers/STM32F1xx_HAL_Driver/Src/stm32f1xx_ll_tim.o
                                      0x58901 (size before relaxing)
 .debug_str     0x000000000005d9bb      0xaae Drivers/STM32F1xx_HAL_Driver/Src/stm32f1xx_ll_utils.o
                                      0x563c5 (size before relaxing)

.comment        0x0000000000000000       0x7b
 .comment       0x0000000000000000       0x7b Core/Src/gpio.o
                                         0x7c (size before relaxing)
 .comment       0x000000000000007b       0x7c Core/Src/main.o
 .comment       0x000000000000007b       0x7c Core/Src/stm32f1xx_it.o
 .comment       0x000000000000007b       0x7c Core/Src/system_stm32f1xx.o
 .comment       0x000000000000007b       0x7c Core/Src/tim.o
 .comment       0x000000000000007b       0x7c Drivers/STM32F1xx_HAL_Driver/Src/stm32f1xx_ll_exti.o
 .comment       0x000000000000007b       0x7c Drivers/STM32F1xx_HAL_Driver/Src/stm32f1xx_ll_gpio.o
 .comment       0x000000000000007b       0x7c Drivers/STM32F1xx_HAL_Driver/Src/stm32f1xx_ll_tim.o
 .comment       0x000000000000007b       0x7c Drivers/STM32F1xx_HAL_Driver/Src/stm32f1xx_ll_utils.o

.debug_frame    0x0000000000000000     0x1564
 .debug_frame   0x0000000000000000      0x16c Core/Src/gpio.o
 .debug_frame   0x000000000000016c      0x3c0 Core/Src/main.o
 .debug_frame   0x000000000000052c      0x1e0 Core/Src/stm32f1xx_it.o
 .debug_frame   0x000000000000070c       0x58 Core/Src/system_stm32f1xx.o
 .debug_frame   0x0000000000000764      0x194 Core/Src/tim.o
 .debug_frame   0x00000000000008f8      0x1bc Drivers/STM32F1xx_HAL_Driver/Src/stm32f1xx_ll_exti.o
 .debug_frame   0x0000000000000ab4      0x170 Drivers/STM32F1xx_HAL_Driver/Src/stm32f1xx_ll_gpio.o
 .debug_frame   0x0000000000000c24      0x538 Drivers/STM32F1xx_HAL_Driver/Src/stm32f1xx_ll_tim.o
 .debug_frame   0x000000000000115c      0x3dc Drivers/STM32F1xx_HAL_Driver/Src/stm32f1xx_ll_utils.o
 .debug_frame   0x0000000000001538       0x2c g:/st/stm32cubeide_1.5.0/stm32cubeide/plugins/com.st.stm32cube.ide.mcu.externaltools.gnu-tools-for-stm32.7-2018-q2-update.win32_1.5.0.202011040924/tools/bin/../lib/gcc/arm-none-eabi/7.3.1/../../../../arm-none-eabi/lib/thumb/v7-m\libc_nano.a(lib_a-init.o)
