Archive member included to satisfy reference by file (symbol)

g:/st/stm32cubeide_1.5.0/stm32cubeide/plugins/com.st.stm32cube.ide.mcu.externaltools.gnu-tools-for-stm32.7-2018-q2-update.win32_1.5.0.202011040924/tools/bin/../lib/gcc/arm-none-eabi/7.3.1/../../../../arm-none-eabi/lib/thumb/v7-m\libc_nano.a(lib_a-errno.o)
                              Core/Src/syscalls.o (__errno)
g:/st/stm32cubeide_1.5.0/stm32cubeide/plugins/com.st.stm32cube.ide.mcu.externaltools.gnu-tools-for-stm32.7-2018-q2-update.win32_1.5.0.202011040924/tools/bin/../lib/gcc/arm-none-eabi/7.3.1/../../../../arm-none-eabi/lib/thumb/v7-m\libc_nano.a(lib_a-exit.o)
                              g:/st/stm32cubeide_1.5.0/stm32cubeide/plugins/com.st.stm32cube.ide.mcu.externaltools.gnu-tools-for-stm32.7-2018-q2-update.win32_1.5.0.202011040924/tools/bin/../lib/gcc/arm-none-eabi/7.3.1/../../../../arm-none-eabi/lib/thumb/v7-m/crt0.o (exit)
g:/st/stm32cubeide_1.5.0/stm32cubeide/plugins/com.st.stm32cube.ide.mcu.externaltools.gnu-tools-for-stm32.7-2018-q2-update.win32_1.5.0.202011040924/tools/bin/../lib/gcc/arm-none-eabi/7.3.1/../../../../arm-none-eabi/lib/thumb/v7-m\libc_nano.a(lib_a-impure.o)
                              g:/st/stm32cubeide_1.5.0/stm32cubeide/plugins/com.st.stm32cube.ide.mcu.externaltools.gnu-tools-for-stm32.7-2018-q2-update.win32_1.5.0.202011040924/tools/bin/../lib/gcc/arm-none-eabi/7.3.1/../../../../arm-none-eabi/lib/thumb/v7-m\libc_nano.a(lib_a-exit.o) (_global_impure_ptr)
g:/st/stm32cubeide_1.5.0/stm32cubeide/plugins/com.st.stm32cube.ide.mcu.externaltools.gnu-tools-for-stm32.7-2018-q2-update.win32_1.5.0.202011040924/tools/bin/../lib/gcc/arm-none-eabi/7.3.1/../../../../arm-none-eabi/lib/thumb/v7-m\libc_nano.a(lib_a-init.o)
                              g:/st/stm32cubeide_1.5.0/stm32cubeide/plugins/com.st.stm32cube.ide.mcu.externaltools.gnu-tools-for-stm32.7-2018-q2-update.win32_1.5.0.202011040924/tools/bin/../lib/gcc/arm-none-eabi/7.3.1/../../../../arm-none-eabi/lib/thumb/v7-m/crt0.o (__libc_init_array)
g:/st/stm32cubeide_1.5.0/stm32cubeide/plugins/com.st.stm32cube.ide.mcu.externaltools.gnu-tools-for-stm32.7-2018-q2-update.win32_1.5.0.202011040924/tools/bin/../lib/gcc/arm-none-eabi/7.3.1/../../../../arm-none-eabi/lib/thumb/v7-m\libc_nano.a(lib_a-memset.o)
                              g:/st/stm32cubeide_1.5.0/stm32cubeide/plugins/com.st.stm32cube.ide.mcu.externaltools.gnu-tools-for-stm32.7-2018-q2-update.win32_1.5.0.202011040924/tools/bin/../lib/gcc/arm-none-eabi/7.3.1/../../../../arm-none-eabi/lib/thumb/v7-m/crt0.o (memset)

Discarded input sections

 .text          0x0000000000000000        0x0 g:/st/stm32cubeide_1.5.0/stm32cubeide/plugins/com.st.stm32cube.ide.mcu.externaltools.gnu-tools-for-stm32.7-2018-q2-update.win32_1.5.0.202011040924/tools/bin/../lib/gcc/arm-none-eabi/7.3.1/thumb/v7-m/crti.o
 .data          0x0000000000000000        0x0 g:/st/stm32cubeide_1.5.0/stm32cubeide/plugins/com.st.stm32cube.ide.mcu.externaltools.gnu-tools-for-stm32.7-2018-q2-update.win32_1.5.0.202011040924/tools/bin/../lib/gcc/arm-none-eabi/7.3.1/thumb/v7-m/crti.o
 .bss           0x0000000000000000        0x0 g:/st/stm32cubeide_1.5.0/stm32cubeide/plugins/com.st.stm32cube.ide.mcu.externaltools.gnu-tools-for-stm32.7-2018-q2-update.win32_1.5.0.202011040924/tools/bin/../lib/gcc/arm-none-eabi/7.3.1/thumb/v7-m/crti.o
 .data          0x0000000000000000        0x4 g:/st/stm32cubeide_1.5.0/stm32cubeide/plugins/com.st.stm32cube.ide.mcu.externaltools.gnu-tools-for-stm32.7-2018-q2-update.win32_1.5.0.202011040924/tools/bin/../lib/gcc/arm-none-eabi/7.3.1/thumb/v7-m/crtbegin.o
 .text          0x0000000000000000       0x74 g:/st/stm32cubeide_1.5.0/stm32cubeide/plugins/com.st.stm32cube.ide.mcu.externaltools.gnu-tools-for-stm32.7-2018-q2-update.win32_1.5.0.202011040924/tools/bin/../lib/gcc/arm-none-eabi/7.3.1/../../../../arm-none-eabi/lib/thumb/v7-m/crt0.o
 .data          0x0000000000000000        0x0 g:/st/stm32cubeide_1.5.0/stm32cubeide/plugins/com.st.stm32cube.ide.mcu.externaltools.gnu-tools-for-stm32.7-2018-q2-update.win32_1.5.0.202011040924/tools/bin/../lib/gcc/arm-none-eabi/7.3.1/../../../../arm-none-eabi/lib/thumb/v7-m/crt0.o
 .bss           0x0000000000000000        0x0 g:/st/stm32cubeide_1.5.0/stm32cubeide/plugins/com.st.stm32cube.ide.mcu.externaltools.gnu-tools-for-stm32.7-2018-q2-update.win32_1.5.0.202011040924/tools/bin/../lib/gcc/arm-none-eabi/7.3.1/../../../../arm-none-eabi/lib/thumb/v7-m/crt0.o
 .ARM.extab     0x0000000000000000        0x0 g:/st/stm32cubeide_1.5.0/stm32cubeide/plugins/com.st.stm32cube.ide.mcu.externaltools.gnu-tools-for-stm32.7-2018-q2-update.win32_1.5.0.202011040924/tools/bin/../lib/gcc/arm-none-eabi/7.3.1/../../../../arm-none-eabi/lib/thumb/v7-m/crt0.o
 .ARM.exidx     0x0000000000000000        0x8 g:/st/stm32cubeide_1.5.0/stm32cubeide/plugins/com.st.stm32cube.ide.mcu.externaltools.gnu-tools-for-stm32.7-2018-q2-update.win32_1.5.0.202011040924/tools/bin/../lib/gcc/arm-none-eabi/7.3.1/../../../../arm-none-eabi/lib/thumb/v7-m/crt0.o
[...]
Memory Configuration

Name             Origin             Length             Attributes
RAM              0x0000000020000000 0x0000000000008000 xrw
FLASH            0x0000000008000000 0x0000000000010000 xr
*default*        0x0000000000000000 0xffffffffffffffff

Linker script and memory map

LOAD g:/st/stm32cubeide_1.5.0/stm32cubeide/plugins/com.st.stm32cube.ide.mcu.externaltools.gnu-tools-for-stm32.7-2018-q2-update.win32_1.5.0.202011040924/tools/bin/../lib/gcc/arm-none-eabi/7.3.1/thumb/v7-m/crti.o
LOAD g:/st/stm32cubeide_1.5.0/stm32cubeide/plugins/com.st.stm32cube.ide.mcu.externaltools.gnu-tools-for-stm32.7-2018-q2-update.win32_1.5.0.202011040924/tools/bin/../lib/gcc/arm-none-eabi/7.3.1/thumb/v7-m/crtbegin.o
LOAD g:/st/stm32cubeide_1.5.0/stm32cubeide/plugins/com.st.stm32cube.ide.mcu.externaltools.gnu-tools-for-stm32.7-2018-q2-update.win32_1.5.0.202011040924/tools/bin/../lib/gcc/arm-none-eabi/7.3.1/../../../../arm-none-eabi/lib/thumb/v7-m/crt0.o
LOAD Core/Src/gpio.o
LOAD Core/Src/main.o
LOAD Core/Src/stm32l1xx_it.o
LOAD Core/Src/syscalls.o
LOAD Core/Src/sysmem.o
LOAD Core/Src/system_stm32l1xx.o
LOAD Core/Src/tim.o
LOAD Core/Startup/startup_stm32l151c8txa.o
LOAD Drivers/STM32L1xx_HAL_Driver/Src/stm32l1xx_ll_dma.o
LOAD Drivers/STM32L1xx_HAL_Driver/Src/stm32l1xx_ll_exti.o
LOAD Drivers/STM32L1xx_HAL_Driver/Src/stm32l1xx_ll_gpio.o
LOAD Drivers/STM32L1xx_HAL_Driver/Src/stm32l1xx_ll_pwr.o
LOAD Drivers/STM32L1xx_HAL_Driver/Src/stm32l1xx_ll_rcc.o
LOAD Drivers/STM32L1xx_HAL_Driver/Src/stm32l1xx_ll_tim.o
LOAD Drivers/STM32L1xx_HAL_Driver/Src/stm32l1xx_ll_utils.o
START GROUP
LOAD g:/st/stm32cubeide_1.5.0/stm32cubeide/plugins/com.st.stm32cube.ide.mcu.externaltools.gnu-tools-for-stm32.7-2018-q2-update.win32_1.5.0.202011040924/tools/bin/../lib/gcc/arm-none-eabi/7.3.1/../../../../arm-none-eabi/lib/thumb/v7-m\libc_nano.a
LOAD g:/st/stm32cubeide_1.5.0/stm32cubeide/plugins/com.st.stm32cube.ide.mcu.externaltools.gnu-tools-for-stm32.7-2018-q2-update.win32_1.5.0.202011040924/tools/bin/../lib/gcc/arm-none-eabi/7.3.1/../../../../arm-none-eabi/lib/thumb/v7-m\libm.a
END GROUP
START GROUP
LOAD g:/st/stm32cubeide_1.5.0/stm32cubeide/plugins/com.st.stm32cube.ide.mcu.externaltools.gnu-tools-for-stm32.7-2018-q2-update.win32_1.5.0.202011040924/tools/bin/../lib/gcc/arm-none-eabi/7.3.1/thumb/v7-m\libgcc.a
LOAD g:/st/stm32cubeide_1.5.0/stm32cubeide/plugins/com.st.stm32cube.ide.mcu.externaltools.gnu-tools-for-stm32.7-2018-q2-update.win32_1.5.0.202011040924/tools/bin/../lib/gcc/arm-none-eabi/7.3.1/../../../../arm-none-eabi/lib/thumb/v7-m\libc_nano.a
END GROUP
START GROUP
LOAD g:/st/stm32cubeide_1.5.0/stm32cubeide/plugins/com.st.stm32cube.ide.mcu.externaltools.gnu-tools-for-stm32.7-2018-q2-update.win32_1.5.0.202011040924/tools/bin/../lib/gcc/arm-none-eabi/7.3.1/thumb/v7-m\libgcc.a
LOAD g:/st/stm32cubeide_1.5.0/stm32cubeide/plugins/com.st.stm32cube.ide.mcu.externaltools.gnu-tools-for-stm32.7-2018-q2-update.win32_1.5.0.202011040924/tools/bin/../lib/gcc/arm-none-eabi/7.3.1/../../../../arm-none-eabi/lib/thumb/v7-m\libc_nano.a
LOAD g:/st/stm32cubeide_1.5.0/stm32cubeide/plugins/com.st.stm32cube.ide.mcu.externaltools.gnu-tools-for-stm32.7-2018-q2-update.win32_1.5.0.202011040924/tools/bin/../lib/gcc/arm-none-eabi/7.3.1/../../../../arm-none-eabi/lib/thumb/v7-m\libnosys.a
END GROUP
START GROUP
LOAD g:/st/stm32cubeide_1.5.0/stm32cubeide/plugins/com.st.stm32cube.ide.mcu.externaltools.gnu-tools-for-stm32.7-2018-q2-update.win32_1.5.0.202011040924/tools/bin/../lib/gcc/arm-none-eabi/7.3.1/thumb/v7-m\libgcc.a
LOAD g:/st/stm32cubeide_1.5.0/stm32cubeide/plugins/com.st.stm32cube.ide.mcu.externaltools.gnu-tools-for-stm32.7-2018-q2-update.win32_1.5.0.202011040924/tools/bin/../lib/gcc/arm-none-eabi/7.3.1/../../../../arm-none-eabi/lib/thumb/v7-m\libc_nano.a
LOAD g:/st/stm32cubeide_1.5.0/stm32cubeide/plugins/com.st.stm32cube.ide.mcu.externaltools.gnu-tools-for-stm32.7-2018-q2-update.win32_1.5.0.202011040924/tools/bin/../lib/gcc/arm-none-eabi/7.3.1/../../../../arm-none-eabi/lib/thumb/v7-m\libnosys.a
END GROUP
LOAD g:/st/stm32cubeide_1.5.0/stm32cubeide/plugins/com.st.stm32cube.ide.mcu.externaltools.gnu-tools-for-stm32.7-2018-q2-update.win32_1.5.0.202011040924/tools/bin/../lib/gcc/arm-none-eabi/7.3.1/thumb/v7-m/crtend.o
LOAD g:/st/stm32cubeide_1.5.0/stm32cubeide/plugins/com.st.stm32cube.ide.mcu.externaltools.gnu-tools-for-stm32.7-2018-q2-update.win32_1.5.0.202011040924/tools/bin/../lib/gcc/arm-none-eabi/7.3.1/thumb/v7-m/crtn.o
                0x0000000020008000                _estack = (ORIGIN (RAM) + LENGTH (RAM))
                0x0000000000000200                _Min_Heap_Size = 0x200
                0x0000000000000400                _Min_Stack_Size = 0x400

.isr_vector     0x0000000008000000      0x13c
                0x0000000008000000                . = ALIGN (0x4)
 *(.isr_vector)
 .isr_vector    0x0000000008000000      0x13c Core/Startup/startup_stm32l151c8txa.o
                0x0000000008000000                g_pfnVectors
                0x000000000800013c                . = ALIGN (0x4)

.text           0x000000000800013c     0x1b78
                0x000000000800013c                . = ALIGN (0x4)
 *(.text)
 .text          0x000000000800013c       0x40 g:/st/stm32cubeide_1.5.0/stm32cubeide/plugins/com.st.stm32cube.ide.mcu.externaltools.gnu-tools-for-stm32.7-2018-q2-update.win32_1.5.0.202011040924/tools/bin/../lib/gcc/arm-none-eabi/7.3.1/thumb/v7-m/crtbegin.o
 *(.text*)
 .text.__NVIC_GetPriorityGrouping
                0x000000000800017c       0x1c Core/Src/gpio.o
 .text.__NVIC_EnableIRQ
                0x0000000008000198       0x38 Core/Src/gpio.o
 .text.__NVIC_SetPriority
                0x00000000080001d0       0x54 Core/Src/gpio.o
 .text.NVIC_EncodePriority
                0x0000000008000224       0x64 Core/Src/gpio.o
 .text.LL_AHB1_GRP1_EnableClock
                0x0000000008000288       0x30 Core/Src/gpio.o
 .text.LL_SYSCFG_SetEXTISource
                0x00000000080002b8       0x60 Core/Src/gpio.o
 .text.LL_GPIO_SetPinMode
                0x0000000008000318       0x5c Core/Src/gpio.o
 .text.LL_GPIO_SetPinPull
                0x0000000008000374       0x5c Core/Src/gpio.o
 .text.LL_GPIO_ResetOutputPin
                0x00000000080003d0       0x1c Core/Src/gpio.o
 .text.MX_GPIO_Init
                0x00000000080003ec      0x23c Core/Src/gpio.o
                0x00000000080003ec                MX_GPIO_Init
 .text.__NVIC_SetPriorityGrouping
                0x0000000008000628       0x48 Core/Src/main.o
 .text.LL_RCC_HSE_Enable
                0x0000000008000670       0x1c Core/Src/main.o
 .text.LL_RCC_HSE_IsReady
                0x000000000800068c       0x24 Core/Src/main.o
 .text.LL_RCC_SetSysClkSource
                0x00000000080006b0       0x28 Core/Src/main.o
 .text.LL_RCC_GetSysClkSource
                0x00000000080006d8       0x18 Core/Src/main.o
 .text.LL_RCC_SetAHBPrescaler
                0x00000000080006f0       0x28 Core/Src/main.o
 .text.LL_RCC_SetAPB1Prescaler
                0x0000000008000718       0x28 Core/Src/main.o
 .text.LL_RCC_SetAPB2Prescaler
                0x0000000008000740       0x28 Core/Src/main.o
 .text.LL_RCC_PLL_Enable
                0x0000000008000768       0x1c Core/Src/main.o
 .text.LL_RCC_PLL_IsReady
                0x0000000008000784       0x24 Core/Src/main.o
 .text.LL_RCC_PLL_ConfigDomain_SYS
                0x00000000080007a8       0x34 Core/Src/main.o
 .text.LL_APB1_GRP1_EnableClock
                0x00000000080007dc       0x30 Core/Src/main.o
 .text.LL_APB2_GRP1_EnableClock
                0x000000000800080c       0x30 Core/Src/main.o
 .text.LL_FLASH_SetLatency
                0x000000000800083c       0x28 Core/Src/main.o
 .text.LL_FLASH_GetLatency
                0x0000000008000864       0x18 Core/Src/main.o
 .text.LL_FLASH_Enable64bitAccess
                0x000000000800087c       0x1c Core/Src/main.o
 .text.LL_PWR_SetRegulVoltageScaling
                0x0000000008000898       0x28 Core/Src/main.o
 .text.LL_TIM_EnableCounter
                0x00000000080008c0       0x1e Core/Src/main.o
 .text.LL_TIM_EnableIT_UPDATE
                0x00000000080008de       0x1e Core/Src/main.o
 .text.LL_GPIO_ReadInputPort
                0x00000000080008fc       0x16 Core/Src/main.o
 .text.LL_GPIO_SetOutputPin
                0x0000000008000912       0x1a Core/Src/main.o
 .text.LL_GPIO_ResetOutputPin
                0x000000000800092c       0x1c Core/Src/main.o
 .text.main     0x0000000008000948      0x3fc Core/Src/main.o
                0x0000000008000948                main
 .text.SystemClock_Config
                0x0000000008000d44       0x8c Core/Src/main.o
                0x0000000008000d44                SystemClock_Config
 .text.show_n   0x0000000008000dd0      0x39c Core/Src/main.o
                0x0000000008000dd0                show_n
 .text.LL_EXTI_IsActiveFlag_0_31
                0x000000000800116c       0x2c Core/Src/stm32l1xx_it.o
 .text.LL_EXTI_ClearFlag_0_31
                0x0000000008001198       0x1c Core/Src/stm32l1xx_it.o
 .text.LL_TIM_ClearFlag_UPDATE
                0x00000000080011b4       0x1a Core/Src/stm32l1xx_it.o
 .text.LL_TIM_IsActiveFlag_UPDATE
                0x00000000080011ce       0x24 Core/Src/stm32l1xx_it.o
 .text.NMI_Handler
                0x00000000080011f2        0x6 Core/Src/stm32l1xx_it.o
                0x00000000080011f2                NMI_Handler
 .text.HardFault_Handler
                0x00000000080011f8        0x6 Core/Src/stm32l1xx_it.o
                0x00000000080011f8                HardFault_Handler
 .text.MemManage_Handler
                0x00000000080011fe        0x6 Core/Src/stm32l1xx_it.o
                0x00000000080011fe                MemManage_Handler
 .text.BusFault_Handler
                0x0000000008001204        0x6 Core/Src/stm32l1xx_it.o
                0x0000000008001204                BusFault_Handler
 .text.UsageFault_Handler
                0x000000000800120a        0x6 Core/Src/stm32l1xx_it.o
                0x000000000800120a                UsageFault_Handler
 .text.SVC_Handler
                0x0000000008001210        0xc Core/Src/stm32l1xx_it.o
                0x0000000008001210                SVC_Handler
 .text.DebugMon_Handler
                0x000000000800121c        0xc Core/Src/stm32l1xx_it.o
                0x000000000800121c                DebugMon_Handler
 .text.PendSV_Handler
                0x0000000008001228        0xc Core/Src/stm32l1xx_it.o
                0x0000000008001228                PendSV_Handler
 .text.SysTick_Handler
                0x0000000008001234        0xc Core/Src/stm32l1xx_it.o
                0x0000000008001234                SysTick_Handler
 .text.EXTI9_5_IRQHandler
                0x0000000008001240       0x60 Core/Src/stm32l1xx_it.o
                0x0000000008001240                EXTI9_5_IRQHandler
 .text.TIM3_IRQHandler
                0x00000000080012a0       0x50 Core/Src/stm32l1xx_it.o
                0x00000000080012a0                TIM3_IRQHandler
 .text.SystemInit
                0x00000000080012f0       0x18 Core/Src/system_stm32l1xx.o
                0x00000000080012f0                SystemInit
 .text.__NVIC_GetPriorityGrouping
                0x0000000008001308       0x1c Core/Src/tim.o
 .text.__NVIC_EnableIRQ
                0x0000000008001324       0x38 Core/Src/tim.o
 .text.__NVIC_SetPriority
                0x000000000800135c       0x54 Core/Src/tim.o
 .text.NVIC_EncodePriority
                0x00000000080013b0       0x64 Core/Src/tim.o
 .text.LL_APB1_GRP1_EnableClock
                0x0000000008001414       0x30 Core/Src/tim.o
 .text.LL_TIM_DisableARRPreload
                0x0000000008001444       0x1e Core/Src/tim.o
 .text.LL_TIM_SetClockSource
                0x0000000008001462       0x28 Core/Src/tim.o
 .text.LL_TIM_SetTriggerOutput
                0x000000000800148a       0x24 Core/Src/tim.o
 .text.LL_TIM_DisableMasterSlaveMode
                0x00000000080014ae       0x1e Core/Src/tim.o
 .text.MX_TIM3_Init
                0x00000000080014cc       0x7c Core/Src/tim.o
                0x00000000080014cc                MX_TIM3_Init
 .text.Reset_Handler
                0x0000000008001548       0x48 Core/Startup/startup_stm32l151c8txa.o
                0x0000000008001548                Reset_Handler
 .text.Default_Handler
                0x0000000008001590        0x2 Core/Startup/startup_stm32l151c8txa.o
                0x0000000008001590                RTC_Alarm_IRQHandler
                0x0000000008001590                EXTI2_IRQHandler
                0x0000000008001590                TIM10_IRQHandler
                0x0000000008001590                USB_HP_IRQHandler
                0x0000000008001590                TIM6_IRQHandler
                0x0000000008001590                PVD_IRQHandler
                0x0000000008001590                EXTI3_IRQHandler
                0x0000000008001590                EXTI0_IRQHandler
                0x0000000008001590                I2C2_EV_IRQHandler
                0x0000000008001590                SPI1_IRQHandler
                0x0000000008001590                USB_FS_WKUP_IRQHandler
                0x0000000008001590                DMA1_Channel4_IRQHandler
                0x0000000008001590                ADC1_IRQHandler
                0x0000000008001590                USART3_IRQHandler
                0x0000000008001590                DMA1_Channel7_IRQHandler
                0x0000000008001590                TIM4_IRQHandler
                0x0000000008001590                I2C1_EV_IRQHandler
                0x0000000008001590                DMA1_Channel6_IRQHandler
                0x0000000008001590                RCC_IRQHandler
                0x0000000008001590                DMA1_Channel1_IRQHandler
                0x0000000008001590                Default_Handler
                0x0000000008001590                EXTI15_10_IRQHandler
                0x0000000008001590                TIM7_IRQHandler
                0x0000000008001590                TIM9_IRQHandler
                0x0000000008001590                TAMPER_STAMP_IRQHandler
                0x0000000008001590                RTC_WKUP_IRQHandler
                0x0000000008001590                SPI2_IRQHandler
                0x0000000008001590                DMA1_Channel5_IRQHandler
                0x0000000008001590                USB_LP_IRQHandler
                0x0000000008001590                EXTI4_IRQHandler
                0x0000000008001590                DMA1_Channel3_IRQHandler
                0x0000000008001590                COMP_IRQHandler
                0x0000000008001590                WWDG_IRQHandler
                0x0000000008001590                TIM2_IRQHandler
                0x0000000008001590                DAC_IRQHandler
                0x0000000008001590                EXTI1_IRQHandler
                0x0000000008001590                TIM11_IRQHandler
                0x0000000008001590                USART2_IRQHandler
                0x0000000008001590                I2C2_ER_IRQHandler
                0x0000000008001590                DMA1_Channel2_IRQHandler
                0x0000000008001590                FLASH_IRQHandler
                0x0000000008001590                USART1_IRQHandler
                0x0000000008001590                I2C1_ER_IRQHandler
 *fill*         0x0000000008001592        0x2 
 .text.LL_EXTI_EnableIT_0_31
                0x0000000008001594       0x24 Drivers/STM32L1xx_HAL_Driver/Src/stm32l1xx_ll_exti.o
 .text.LL_EXTI_DisableIT_0_31
                0x00000000080015b8       0x24 Drivers/STM32L1xx_HAL_Driver/Src/stm32l1xx_ll_exti.o
 .text.LL_EXTI_EnableEvent_0_31
                0x00000000080015dc       0x24 Drivers/STM32L1xx_HAL_Driver/Src/stm32l1xx_ll_exti.o
 .text.LL_EXTI_DisableEvent_0_31
                0x0000000008001600       0x24 Drivers/STM32L1xx_HAL_Driver/Src/stm32l1xx_ll_exti.o
 .text.LL_EXTI_EnableRisingTrig_0_31
                0x0000000008001624       0x24 Drivers/STM32L1xx_HAL_Driver/Src/stm32l1xx_ll_exti.o
 .text.LL_EXTI_DisableRisingTrig_0_31
                0x0000000008001648       0x24 Drivers/STM32L1xx_HAL_Driver/Src/stm32l1xx_ll_exti.o
 .text.LL_EXTI_EnableFallingTrig_0_31
                0x000000000800166c       0x24 Drivers/STM32L1xx_HAL_Driver/Src/stm32l1xx_ll_exti.o
 .text.LL_EXTI_DisableFallingTrig_0_31
                0x0000000008001690       0x24 Drivers/STM32L1xx_HAL_Driver/Src/stm32l1xx_ll_exti.o
 .text.LL_EXTI_Init
                0x00000000080016b4       0xf8 Drivers/STM32L1xx_HAL_Driver/Src/stm32l1xx_ll_exti.o
                0x00000000080016b4                LL_EXTI_Init
 .text.LL_GPIO_SetPinMode
                0x00000000080017ac       0x5c Drivers/STM32L1xx_HAL_Driver/Src/stm32l1xx_ll_gpio.o
 .text.LL_GPIO_SetPinOutputType
                0x0000000008001808       0x2e Drivers/STM32L1xx_HAL_Driver/Src/stm32l1xx_ll_gpio.o
 .text.LL_GPIO_SetPinSpeed
                0x0000000008001836       0x5c Drivers/STM32L1xx_HAL_Driver/Src/stm32l1xx_ll_gpio.o
 .text.LL_GPIO_SetPinPull
                0x0000000008001892       0x5c Drivers/STM32L1xx_HAL_Driver/Src/stm32l1xx_ll_gpio.o
 .text.LL_GPIO_SetAFPin_0_7
                0x00000000080018ee       0x5c Drivers/STM32L1xx_HAL_Driver/Src/stm32l1xx_ll_gpio.o
 .text.LL_GPIO_SetAFPin_8_15
                0x000000000800194a       0x60 Drivers/STM32L1xx_HAL_Driver/Src/stm32l1xx_ll_gpio.o
 .text.LL_GPIO_Init
                0x00000000080019aa       0xe6 Drivers/STM32L1xx_HAL_Driver/Src/stm32l1xx_ll_gpio.o
                0x00000000080019aa                LL_GPIO_Init
 .text.LL_TIM_SetPrescaler
                0x0000000008001a90       0x1a Drivers/STM32L1xx_HAL_Driver/Src/stm32l1xx_ll_tim.o
 .text.LL_TIM_SetAutoReload
                0x0000000008001aaa       0x1a Drivers/STM32L1xx_HAL_Driver/Src/stm32l1xx_ll_tim.o
 .text.LL_TIM_GenerateEvent_UPDATE
                0x0000000008001ac4       0x1e Drivers/STM32L1xx_HAL_Driver/Src/stm32l1xx_ll_tim.o
 *fill*         0x0000000008001ae2        0x2 
 .text.LL_TIM_Init
                0x0000000008001ae4       0xb8 Drivers/STM32L1xx_HAL_Driver/Src/stm32l1xx_ll_tim.o
                0x0000000008001ae4                LL_TIM_Init
 .text.LL_InitTick
                0x0000000008001b9c       0x34 Drivers/STM32L1xx_HAL_Driver/Src/stm32l1xx_ll_utils.o
 .text.LL_Init1msTick
                0x0000000008001bd0       0x1a Drivers/STM32L1xx_HAL_Driver/Src/stm32l1xx_ll_utils.o
                0x0000000008001bd0                LL_Init1msTick
 *fill*         0x0000000008001bea        0x2 
 .text.LL_mDelay
                0x0000000008001bec       0x4c Drivers/STM32L1xx_HAL_Driver/Src/stm32l1xx_ll_utils.o
                0x0000000008001bec                LL_mDelay
 .text.LL_SetSystemCoreClock
                0x0000000008001c38       0x1c Drivers/STM32L1xx_HAL_Driver/Src/stm32l1xx_ll_utils.o
                0x0000000008001c38                LL_SetSystemCoreClock
 .text.__libc_init_array
                0x0000000008001c54       0x48 g:/st/stm32cubeide_1.5.0/stm32cubeide/plugins/com.st.stm32cube.ide.mcu.externaltools.gnu-tools-for-stm32.7-2018-q2-update.win32_1.5.0.202011040924/tools/bin/../lib/gcc/arm-none-eabi/7.3.1/../../../../arm-none-eabi/lib/thumb/v7-m\libc_nano.a(lib_a-init.o)
                0x0000000008001c54                __libc_init_array
 *(.glue_7)
 .glue_7        0x0000000008001c9c        0x0 linker stubs
 *(.glue_7t)
 .glue_7t       0x0000000008001c9c        0x0 linker stubs
 *(.eh_frame)
 .eh_frame      0x0000000008001c9c        0x0 g:/st/stm32cubeide_1.5.0/stm32cubeide/plugins/com.st.stm32cube.ide.mcu.externaltools.gnu-tools-for-stm32.7-2018-q2-update.win32_1.5.0.202011040924/tools/bin/../lib/gcc/arm-none-eabi/7.3.1/thumb/v7-m/crtbegin.o
 *(.init)
 .init          0x0000000008001c9c        0x4 g:/st/stm32cubeide_1.5.0/stm32cubeide/plugins/com.st.stm32cube.ide.mcu.externaltools.gnu-tools-for-stm32.7-2018-q2-update.win32_1.5.0.202011040924/tools/bin/../lib/gcc/arm-none-eabi/7.3.1/thumb/v7-m/crti.o
                0x0000000008001c9c                _init
 .init          0x0000000008001ca0        0x8 g:/st/stm32cubeide_1.5.0/stm32cubeide/plugins/com.st.stm32cube.ide.mcu.externaltools.gnu-tools-for-stm32.7-2018-q2-update.win32_1.5.0.202011040924/tools/bin/../lib/gcc/arm-none-eabi/7.3.1/thumb/v7-m/crtn.o
 *(.fini)
 .fini          0x0000000008001ca8        0x4 g:/st/stm32cubeide_1.5.0/stm32cubeide/plugins/com.st.stm32cube.ide.mcu.externaltools.gnu-tools-for-stm32.7-2018-q2-update.win32_1.5.0.202011040924/tools/bin/../lib/gcc/arm-none-eabi/7.3.1/thumb/v7-m/crti.o
                0x0000000008001ca8                _fini
 .fini          0x0000000008001cac        0x8 g:/st/stm32cubeide_1.5.0/stm32cubeide/plugins/com.st.stm32cube.ide.mcu.externaltools.gnu-tools-for-stm32.7-2018-q2-update.win32_1.5.0.202011040924/tools/bin/../lib/gcc/arm-none-eabi/7.3.1/thumb/v7-m/crtn.o
                0x0000000008001cb4                . = ALIGN (0x4)
                0x0000000008001cb4                _etext = .

.vfp11_veneer   0x0000000008001cb4        0x0
 .vfp11_veneer  0x0000000008001cb4        0x0 linker stubs

.v4_bx          0x0000000008001cb4        0x0
 .v4_bx         0x0000000008001cb4        0x0 linker stubs

.iplt           0x0000000008001cb4        0x0
 .iplt          0x0000000008001cb4        0x0 g:/st/stm32cubeide_1.5.0/stm32cubeide/plugins/com.st.stm32cube.ide.mcu.externaltools.gnu-tools-for-stm32.7-2018-q2-update.win32_1.5.0.202011040924/tools/bin/../lib/gcc/arm-none-eabi/7.3.1/thumb/v7-m/crtbegin.o

.rel.dyn        0x0000000008001cb4        0x0
 .rel.iplt      0x0000000008001cb4        0x0 g:/st/stm32cubeide_1.5.0/stm32cubeide/plugins/com.st.stm32cube.ide.mcu.externaltools.gnu-tools-for-stm32.7-2018-q2-update.win32_1.5.0.202011040924/tools/bin/../lib/gcc/arm-none-eabi/7.3.1/thumb/v7-m/crtbegin.o

.rodata         0x0000000008001cb4        0x0
                0x0000000008001cb4                . = ALIGN (0x4)
 *(.rodata)
 *(.rodata*)
                0x0000000008001cb4                . = ALIGN (0x4)

.ARM.extab      0x0000000008001cb4        0x0
                0x0000000008001cb4                . = ALIGN (0x4)
 *(.ARM.extab* .gnu.linkonce.armextab.*)
                0x0000000008001cb4                . = ALIGN (0x4)

.ARM            0x0000000008001cb4        0x0
                0x0000000008001cb4                . = ALIGN (0x4)
                0x0000000008001cb4                __exidx_start = .
 *(.ARM.exidx*)
                0x0000000008001cb4                __exidx_end = .
                0x0000000008001cb4                . = ALIGN (0x4)

.preinit_array  0x0000000008001cb4        0x0
                0x0000000008001cb4                . = ALIGN (0x4)
                0x0000000008001cb4                PROVIDE (__preinit_array_start = .)
 *(.preinit_array*)
                0x0000000008001cb4                PROVIDE (__preinit_array_end = .)
                0x0000000008001cb4                . = ALIGN (0x4)

.init_array     0x0000000008001cb4        0x4
                0x0000000008001cb4                . = ALIGN (0x4)
                0x0000000008001cb4                PROVIDE (__init_array_start = .)
 *(SORT_BY_NAME(.init_array.*))
 *(.init_array*)
 .init_array    0x0000000008001cb4        0x4 g:/st/stm32cubeide_1.5.0/stm32cubeide/plugins/com.st.stm32cube.ide.mcu.externaltools.gnu-tools-for-stm32.7-2018-q2-update.win32_1.5.0.202011040924/tools/bin/../lib/gcc/arm-none-eabi/7.3.1/thumb/v7-m/crtbegin.o
                0x0000000008001cb8                PROVIDE (__init_array_end = .)
                0x0000000008001cb8                . = ALIGN (0x4)

.fini_array     0x0000000008001cb8        0x4
                0x0000000008001cb8                . = ALIGN (0x4)
                [!provide]                        PROVIDE (__fini_array_start = .)
 *(SORT_BY_NAME(.fini_array.*))
 *(.fini_array*)
 .fini_array    0x0000000008001cb8        0x4 g:/st/stm32cubeide_1.5.0/stm32cubeide/plugins/com.st.stm32cube.ide.mcu.externaltools.gnu-tools-for-stm32.7-2018-q2-update.win32_1.5.0.202011040924/tools/bin/../lib/gcc/arm-none-eabi/7.3.1/thumb/v7-m/crtbegin.o
                [!provide]                        PROVIDE (__fini_array_end = .)
                0x0000000008001cbc                . = ALIGN (0x4)
                0x0000000008001cbc                _sidata = LOADADDR (.data)

.data           0x0000000020000000        0x4 load address 0x0000000008001cbc
                0x0000000020000000                . = ALIGN (0x4)
                0x0000000020000000                _sdata = .
 *(.data)
 *(.data*)
 .data.SystemCoreClock
                0x0000000020000000        0x4 Core/Src/system_stm32l1xx.o
                0x0000000020000000                SystemCoreClock
 *(.RamFunc)
 *(.RamFunc*)
                0x0000000020000004                . = ALIGN (0x4)
                0x0000000020000004                _edata = .

.igot.plt       0x0000000020000004        0x0 load address 0x0000000008001cc0
 .igot.plt      0x0000000020000004        0x0 g:/st/stm32cubeide_1.5.0/stm32cubeide/plugins/com.st.stm32cube.ide.mcu.externaltools.gnu-tools-for-stm32.7-2018-q2-update.win32_1.5.0.202011040924/tools/bin/../lib/gcc/arm-none-eabi/7.3.1/thumb/v7-m/crtbegin.o
                0x0000000020000004                . = ALIGN (0x4)

.bss            0x0000000020000004       0x38 load address 0x0000000008001cc0
                0x0000000020000004                _sbss = .
                0x0000000020000004                __bss_start__ = _sbss
 *(.bss)
 .bss           0x0000000020000004       0x1c g:/st/stm32cubeide_1.5.0/stm32cubeide/plugins/com.st.stm32cube.ide.mcu.externaltools.gnu-tools-for-stm32.7-2018-q2-update.win32_1.5.0.202011040924/tools/bin/../lib/gcc/arm-none-eabi/7.3.1/thumb/v7-m/crtbegin.o
 *(.bss*)
 .bss.cnt       0x0000000020000020        0x4 Core/Src/main.o
                0x0000000020000020                cnt
 .bss.Gcnt      0x0000000020000024        0x4 Core/Src/main.o
                0x0000000020000024                Gcnt
 .bss.Wcnt      0x0000000020000028        0x4 Core/Src/main.o
                0x0000000020000028                Wcnt
 .bss.uscnt     0x000000002000002c        0x4 Core/Src/main.o
                0x000000002000002c                uscnt
 .bss.nn        0x0000000020000030        0x2 Core/Src/main.o
                0x0000000020000030                nn
 .bss.G         0x0000000020000032        0x1 Core/Src/main.o
                0x0000000020000032                G
 .bss.C         0x0000000020000033        0x1 Core/Src/main.o
                0x0000000020000033                C
 .bss.S         0x0000000020000034        0x1 Core/Src/main.o
                0x0000000020000034                S
 *fill*         0x0000000020000035        0x1 
 .bss.i         0x0000000020000036        0x2 Core/Src/main.o
                0x0000000020000036                i
 .bss.shot      0x0000000020000038        0x1 Core/Src/stm32l1xx_it.o
                0x0000000020000038                shot
 *(COMMON)
                0x000000002000003c                . = ALIGN (0x4)
 *fill*         0x0000000020000039        0x3 
                0x000000002000003c                _ebss = .
                0x000000002000003c                __bss_end__ = _ebss

._user_heap_stack
                0x000000002000003c      0x604 load address 0x0000000008001cc0
                0x0000000020000040                . = ALIGN (0x8)
 *fill*         0x000000002000003c        0x4 
                [!provide]                        PROVIDE (end = .)
                0x0000000020000040                PROVIDE (_end = .)
                0x0000000020000240                . = (. + _Min_Heap_Size)
 *fill*         0x0000000020000040      0x200 
                0x0000000020000640                . = (. + _Min_Stack_Size)
 *fill*         0x0000000020000240      0x400 
                0x0000000020000640                . = ALIGN (0x8)

/DISCARD/
 libc.a(*)
 libm.a(*)
 libgcc.a(*)

.ARM.attributes
                0x0000000000000000       0x29
 *(.ARM.attributes)
 .ARM.attributes
                0x0000000000000000       0x1d g:/st/stm32cubeide_1.5.0/stm32cubeide/plugins/com.st.stm32cube.ide.mcu.externaltools.gnu-tools-for-stm32.7-2018-q2-update.win32_1.5.0.202011040924/tools/bin/../lib/gcc/arm-none-eabi/7.3.1/thumb/v7-m/crti.o
 .ARM.attributes
                0x000000000000001d       0x2d g:/st/stm32cubeide_1.5.0/stm32cubeide/plugins/com.st.stm32cube.ide.mcu.externaltools.gnu-tools-for-stm32.7-2018-q2-update.win32_1.5.0.202011040924/tools/bin/../lib/gcc/arm-none-eabi/7.3.1/thumb/v7-m/crtbegin.o
 .ARM.attributes
                0x000000000000004a       0x33 Core/Src/gpio.o
 .ARM.attributes
                0x000000000000007d       0x33 Core/Src/main.o
 .ARM.attributes
                0x00000000000000b0       0x33 Core/Src/stm32l1xx_it.o
 .ARM.attributes
                0x00000000000000e3       0x33 Core/Src/system_stm32l1xx.o
 .ARM.attributes
                0x0000000000000116       0x33 Core/Src/tim.o
 .ARM.attributes
                0x0000000000000149       0x21 Core/Startup/startup_stm32l151c8txa.o
 .ARM.attributes
                0x000000000000016a       0x33 Drivers/STM32L1xx_HAL_Driver/Src/stm32l1xx_ll_exti.o
 .ARM.attributes
                0x000000000000019d       0x33 Drivers/STM32L1xx_HAL_Driver/Src/stm32l1xx_ll_gpio.o
 .ARM.attributes
                0x00000000000001d0       0x33 Drivers/STM32L1xx_HAL_Driver/Src/stm32l1xx_ll_tim.o
 .ARM.attributes
                0x0000000000000203       0x33 Drivers/STM32L1xx_HAL_Driver/Src/stm32l1xx_ll_utils.o
 .ARM.attributes
                0x0000000000000236       0x2d g:/st/stm32cubeide_1.5.0/stm32cubeide/plugins/com.st.stm32cube.ide.mcu.externaltools.gnu-tools-for-stm32.7-2018-q2-update.win32_1.5.0.202011040924/tools/bin/../lib/gcc/arm-none-eabi/7.3.1/../../../../arm-none-eabi/lib/thumb/v7-m\libc_nano.a(lib_a-init.o)
 .ARM.attributes
                0x0000000000000263       0x1d g:/st/stm32cubeide_1.5.0/stm32cubeide/plugins/com.st.stm32cube.ide.mcu.externaltools.gnu-tools-for-stm32.7-2018-q2-update.win32_1.5.0.202011040924/tools/bin/../lib/gcc/arm-none-eabi/7.3.1/thumb/v7-m/crtn.o
OUTPUT(laser.elf elf32-littlearm)

.debug_info     0x0000000000000000     0x4a40
 .debug_info    0x0000000000000000      0xb89 Core/Src/gpio.o
 .debug_info    0x0000000000000b89      0xb6d Core/Src/main.o
 .debug_info    0x00000000000016f6      0x503 Core/Src/stm32l1xx_it.o
 .debug_info    0x0000000000001bf9      0x448 Core/Src/system_stm32l1xx.o
 .debug_info    0x0000000000002041      0xa05 Core/Src/tim.o
 .debug_info    0x0000000000002a46       0x22 Core/Startup/startup_stm32l151c8txa.o
 .debug_info    0x0000000000002a68      0x3ca Drivers/STM32L1xx_HAL_Driver/Src/stm32l1xx_ll_exti.o
 .debug_info    0x0000000000002e32      0x800 Drivers/STM32L1xx_HAL_Driver/Src/stm32l1xx_ll_gpio.o
 .debug_info    0x0000000000003632      0xbe9 Drivers/STM32L1xx_HAL_Driver/Src/stm32l1xx_ll_tim.o
 .debug_info    0x000000000000421b      0x825 Drivers/STM32L1xx_HAL_Driver/Src/stm32l1xx_ll_utils.o

.debug_abbrev   0x0000000000000000     0x10f2
 .debug_abbrev  0x0000000000000000      0x26c Core/Src/gpio.o
 .debug_abbrev  0x000000000000026c      0x20e Core/Src/main.o
 .debug_abbrev  0x000000000000047a      0x1ab Core/Src/stm32l1xx_it.o
 .debug_abbrev  0x0000000000000625      0x111 Core/Src/system_stm32l1xx.o
 .debug_abbrev  0x0000000000000736      0x1c1 Core/Src/tim.o
 .debug_abbrev  0x00000000000008f7       0x12 Core/Startup/startup_stm32l151c8txa.o
 .debug_abbrev  0x0000000000000909      0x19e Drivers/STM32L1xx_HAL_Driver/Src/stm32l1xx_ll_exti.o
 .debug_abbrev  0x0000000000000aa7      0x212 Drivers/STM32L1xx_HAL_Driver/Src/stm32l1xx_ll_gpio.o
 .debug_abbrev  0x0000000000000cb9      0x1fd Drivers/STM32L1xx_HAL_Driver/Src/stm32l1xx_ll_tim.o
 .debug_abbrev  0x0000000000000eb6      0x23c Drivers/STM32L1xx_HAL_Driver/Src/stm32l1xx_ll_utils.o

.debug_aranges  0x0000000000000000      0x570
 .debug_aranges
                0x0000000000000000       0x68 Core/Src/gpio.o
 .debug_aranges
                0x0000000000000068       0xe8 Core/Src/main.o
 .debug_aranges
                0x0000000000000150       0x90 Core/Src/stm32l1xx_it.o
 .debug_aranges
                0x00000000000001e0       0x28 Core/Src/system_stm32l1xx.o
 .debug_aranges
                0x0000000000000208       0x68 Core/Src/tim.o
 .debug_aranges
                0x0000000000000270       0x28 Core/Startup/startup_stm32l151c8txa.o
 .debug_aranges
                0x0000000000000298       0x70 Drivers/STM32L1xx_HAL_Driver/Src/stm32l1xx_ll_exti.o
 .debug_aranges
                0x0000000000000308       0x70 Drivers/STM32L1xx_HAL_Driver/Src/stm32l1xx_ll_gpio.o
 .debug_aranges
                0x0000000000000378      0x100 Drivers/STM32L1xx_HAL_Driver/Src/stm32l1xx_ll_tim.o
 .debug_aranges
                0x0000000000000478       0xf8 Drivers/STM32L1xx_HAL_Driver/Src/stm32l1xx_ll_utils.o

.debug_ranges   0x0000000000000000      0x4d8
 .debug_ranges  0x0000000000000000       0x58 Core/Src/gpio.o
 .debug_ranges  0x0000000000000058       0xd8 Core/Src/main.o
 .debug_ranges  0x0000000000000130       0x80 Core/Src/stm32l1xx_it.o
 .debug_ranges  0x00000000000001b0       0x18 Core/Src/system_stm32l1xx.o
 .debug_ranges  0x00000000000001c8       0x58 Core/Src/tim.o
 .debug_ranges  0x0000000000000220       0x20 Core/Startup/startup_stm32l151c8txa.o
 .debug_ranges  0x0000000000000240       0x60 Drivers/STM32L1xx_HAL_Driver/Src/stm32l1xx_ll_exti.o
 .debug_ranges  0x00000000000002a0       0x60 Drivers/STM32L1xx_HAL_Driver/Src/stm32l1xx_ll_gpio.o
 .debug_ranges  0x0000000000000300       0xf0 Drivers/STM32L1xx_HAL_Driver/Src/stm32l1xx_ll_tim.o
 .debug_ranges  0x00000000000003f0       0xe8 Drivers/STM32L1xx_HAL_Driver/Src/stm32l1xx_ll_utils.o

.debug_macro    0x0000000000000000     0xe358
 .debug_macro   0x0000000000000000      0x146 Core/Src/gpio.o
 .debug_macro   0x0000000000000146      0xa9c Core/Src/gpio.o
 .debug_macro   0x0000000000000be2       0x2e Core/Src/gpio.o
 .debug_macro   0x0000000000000c10       0x22 Core/Src/gpio.o
 .debug_macro   0x0000000000000c32       0x22 Core/Src/gpio.o
 .debug_macro   0x0000000000000c54       0x8e Core/Src/gpio.o
 .debug_macro   0x0000000000000ce2       0x51 Core/Src/gpio.o
 .debug_macro   0x0000000000000d33       0xef Core/Src/gpio.o
 .debug_macro   0x0000000000000e22       0x6a Core/Src/gpio.o
 .debug_macro   0x0000000000000e8c      0x1df Core/Src/gpio.o
 .debug_macro   0x000000000000106b       0x1c Core/Src/gpio.o
 .debug_macro   0x0000000000001087       0x22 Core/Src/gpio.o
 .debug_macro   0x00000000000010a9       0xc3 Core/Src/gpio.o
 .debug_macro   0x000000000000116c      0xe49 Core/Src/gpio.o
 .debug_macro   0x0000000000001fb5      0x11f Core/Src/gpio.o
 .debug_macro   0x00000000000020d4     0x9c26 Core/Src/gpio.o
 .debug_macro   0x000000000000bcfa       0x43 Core/Src/gpio.o
 .debug_macro   0x000000000000bd3d      0x2ef Core/Src/gpio.o
 .debug_macro   0x000000000000c02c       0xea Core/Src/gpio.o
 .debug_macro   0x000000000000c116      0x3a2 Core/Src/gpio.o
 .debug_macro   0x000000000000c4b8       0xee Core/Src/gpio.o
 .debug_macro   0x000000000000c5a6      0x1a7 Core/Src/gpio.o
 .debug_macro   0x000000000000c74d       0x2a Core/Src/gpio.o
 .debug_macro   0x000000000000c777       0xd6 Core/Src/gpio.o
 .debug_macro   0x000000000000c84d      0x287 Core/Src/gpio.o
 .debug_macro   0x000000000000cad4      0x574 Core/Src/gpio.o
 .debug_macro   0x000000000000d048      0x149 Core/Src/gpio.o
 .debug_macro   0x000000000000d191       0xd0 Core/Src/gpio.o
 .debug_macro   0x000000000000d261      0x15a Core/Src/main.o
 .debug_macro   0x000000000000d3bb      0x146 Core/Src/stm32l1xx_it.o
 .debug_macro   0x000000000000d501       0xd3 Core/Src/system_stm32l1xx.o
 .debug_macro   0x000000000000d5d4      0x146 Core/Src/tim.o
 .debug_macro   0x000000000000d71a       0xf4 Drivers/STM32L1xx_HAL_Driver/Src/stm32l1xx_ll_exti.o
 .debug_macro   0x000000000000d80e       0xe8 Drivers/STM32L1xx_HAL_Driver/Src/stm32l1xx_ll_exti.o
 .debug_macro   0x000000000000d8f6      0x10f Drivers/STM32L1xx_HAL_Driver/Src/stm32l1xx_ll_gpio.o
 .debug_macro   0x000000000000da05      0x143 Drivers/STM32L1xx_HAL_Driver/Src/stm32l1xx_ll_gpio.o
 .debug_macro   0x000000000000db48      0x12d Drivers/STM32L1xx_HAL_Driver/Src/stm32l1xx_ll_tim.o
 .debug_macro   0x000000000000dc75      0x56e Drivers/STM32L1xx_HAL_Driver/Src/stm32l1xx_ll_tim.o
 .debug_macro   0x000000000000e1e3      0x175 Drivers/STM32L1xx_HAL_Driver/Src/stm32l1xx_ll_utils.o

.debug_line     0x0000000000000000     0x3dca
 .debug_line    0x0000000000000000      0x6fc Core/Src/gpio.o
 .debug_line    0x00000000000006fc      0x90b Core/Src/main.o
 .debug_line    0x0000000000001007      0x6db Core/Src/stm32l1xx_it.o
 .debug_line    0x00000000000016e2      0x48b Core/Src/system_stm32l1xx.o
 .debug_line    0x0000000000001b6d      0x661 Core/Src/tim.o
 .debug_line    0x00000000000021ce       0x85 Core/Startup/startup_stm32l151c8txa.o
 .debug_line    0x0000000000002253      0x59c Drivers/STM32L1xx_HAL_Driver/Src/stm32l1xx_ll_exti.o
 .debug_line    0x00000000000027ef      0x673 Drivers/STM32L1xx_HAL_Driver/Src/stm32l1xx_ll_gpio.o
 .debug_line    0x0000000000002e62      0x7d1 Drivers/STM32L1xx_HAL_Driver/Src/stm32l1xx_ll_tim.o
 .debug_line    0x0000000000003633      0x797 Drivers/STM32L1xx_HAL_Driver/Src/stm32l1xx_ll_utils.o

.debug_str      0x0000000000000000    0x4cdb0
 .debug_str     0x0000000000000000    0x4a2d7 Core/Src/gpio.o
                                      0x4a4d7 (size before relaxing)
 .debug_str     0x000000000004a2d7      0x366 Core/Src/main.o
                                      0x4a340 (size before relaxing)
 .debug_str     0x000000000004a63d      0x170 Core/Src/stm32l1xx_it.o
                                      0x4a04d (size before relaxing)
 .debug_str     0x000000000004a7ad       0x77 Core/Src/system_stm32l1xx.o
                                      0x41417 (size before relaxing)
 .debug_str     0x000000000004a824       0xe0 Core/Src/tim.o
                                      0x4a4a1 (size before relaxing)
 .debug_str     0x000000000004a904       0x37 Core/Startup/startup_stm32l151c8txa.o
                                         0x63 (size before relaxing)
 .debug_str     0x000000000004a93b      0x339 Drivers/STM32L1xx_HAL_Driver/Src/stm32l1xx_ll_exti.o
                                      0x41b62 (size before relaxing)
 .debug_str     0x000000000004ac74      0x637 Drivers/STM32L1xx_HAL_Driver/Src/stm32l1xx_ll_gpio.o
                                      0x4280d (size before relaxing)
 .debug_str     0x000000000004b2ab      0xe23 Drivers/STM32L1xx_HAL_Driver/Src/stm32l1xx_ll_tim.o
                                      0x4539c (size before relaxing)
 .debug_str     0x000000000004c0ce      0xce2 Drivers/STM32L1xx_HAL_Driver/Src/stm32l1xx_ll_utils.o
                                      0x44f85 (size before relaxing)

.comment        0x0000000000000000       0x7b
 .comment       0x0000000000000000       0x7b Core/Src/gpio.o
                                         0x7c (size before relaxing)
 .comment       0x000000000000007b       0x7c Core/Src/main.o
 .comment       0x000000000000007b       0x7c Core/Src/stm32l1xx_it.o
 .comment       0x000000000000007b       0x7c Core/Src/system_stm32l1xx.o
 .comment       0x000000000000007b       0x7c Core/Src/tim.o
 .comment       0x000000000000007b       0x7c Drivers/STM32L1xx_HAL_Driver/Src/stm32l1xx_ll_exti.o
 .comment       0x000000000000007b       0x7c Drivers/STM32L1xx_HAL_Driver/Src/stm32l1xx_ll_gpio.o
 .comment       0x000000000000007b       0x7c Drivers/STM32L1xx_HAL_Driver/Src/stm32l1xx_ll_tim.o
 .comment       0x000000000000007b       0x7c Drivers/STM32L1xx_HAL_Driver/Src/stm32l1xx_ll_utils.o

.debug_frame    0x0000000000000000     0x1538
 .debug_frame   0x0000000000000000      0x198 Core/Src/gpio.o
 .debug_frame   0x0000000000000198      0x3c0 Core/Src/main.o
 .debug_frame   0x0000000000000558      0x1e0 Core/Src/stm32l1xx_it.o
 .debug_frame   0x0000000000000738       0x58 Core/Src/system_stm32l1xx.o
 .debug_frame   0x0000000000000790      0x194 Core/Src/tim.o
 .debug_frame   0x0000000000000924      0x1bc Drivers/STM32L1xx_HAL_Driver/Src/stm32l1xx_ll_exti.o
 .debug_frame   0x0000000000000ae0      0x1c0 Drivers/STM32L1xx_HAL_Driver/Src/stm32l1xx_ll_gpio.o
 .debug_frame   0x0000000000000ca0      0x474 Drivers/STM32L1xx_HAL_Driver/Src/stm32l1xx_ll_tim.o
 .debug_frame   0x0000000000001114      0x3f8 Drivers/STM32L1xx_HAL_Driver/Src/stm32l1xx_ll_utils.o
 .debug_frame   0x000000000000150c       0x2c g:/st/stm32cubeide_1.5.0/stm32cubeide/plugins/com.st.stm32cube.ide.mcu.externaltools.gnu-tools-for-stm32.7-2018-q2-update.win32_1.5.0.202011040924/tools/bin/../lib/gcc/arm-none-eabi/7.3.1/../../../../arm-none-eabi/lib/thumb/v7-m\libc_nano.a(lib_a-init.o)
